Archive member included to satisfy reference by file (symbol)

D:\Projects\lumi-libraries-main\lumi-libraries-main\SDK_1.0.3_NUCLEO-F401RE\lib_stm\liblibraries.a(system_stm32f4xx.o)
                              ./Src/main.o (SystemCoreClockUpdate)
D:\Projects\lumi-libraries-main\lumi-libraries-main\SDK_1.0.3_NUCLEO-F401RE\lib_stm\liblibraries.a(misc.o)
                              ./Src/main.o (NVIC_PriorityGroupConfig)
D:\Projects\lumi-libraries-main\lumi-libraries-main\SDK_1.0.3_NUCLEO-F401RE\lib_stm\liblibraries.a(stm32f401re_gpio.o)
                              ./Src/main.o (GPIO_Init)
D:\Projects\lumi-libraries-main\lumi-libraries-main\SDK_1.0.3_NUCLEO-F401RE\lib_stm\liblibraries.a(stm32f401re_i2c.o)
                              ./Src/main.o (I2C_Init)
D:\Projects\lumi-libraries-main\lumi-libraries-main\SDK_1.0.3_NUCLEO-F401RE\lib_stm\liblibraries.a(stm32f401re_rcc.o)
                              D:\Projects\lumi-libraries-main\lumi-libraries-main\SDK_1.0.3_NUCLEO-F401RE\lib_stm\liblibraries.a(stm32f401re_i2c.o) (RCC_GetClocksFreq)
D:\Projects\lumi-libraries-main\lumi-libraries-main\SDK_1.0.3_NUCLEO-F401RE\lib_stm\liblibraries.a(stm32f401re_usart.o)
                              ./Src/main.o (USART_Init)
D:\Projects\lumi-libraries-main\lumi-libraries-main\SDK_1.0.3_NUCLEO-F401RE\lib_stm\liblibraries.a(timer.o)
                              ./Src/main.o (TimerInit)
D:\Projects\lumi-libraries-main\lumi-libraries-main\SDK_1.0.3_NUCLEO-F401RE\lib_stm\liblibraries.a(Ucglib.o)
                              ./Src/main.o (Ucglib4WireSWSPI_begin)
D:\Projects\lumi-libraries-main\lumi-libraries-main\SDK_1.0.3_NUCLEO-F401RE\lib_stm\liblibraries.a(ucg_box.o)
                              ./Src/main.o (ucg_ClearScreen)
D:\Projects\lumi-libraries-main\lumi-libraries-main\SDK_1.0.3_NUCLEO-F401RE\lib_stm\liblibraries.a(ucg_ccs.o)
                              D:\Projects\lumi-libraries-main\lumi-libraries-main\SDK_1.0.3_NUCLEO-F401RE\lib_stm\liblibraries.a(ucg_box.o) (ucg_ccs_init)
D:\Projects\lumi-libraries-main\lumi-libraries-main\SDK_1.0.3_NUCLEO-F401RE\lib_stm\liblibraries.a(ucg_circle.o)
                              D:\Projects\lumi-libraries-main\lumi-libraries-main\SDK_1.0.3_NUCLEO-F401RE\lib_stm\liblibraries.a(ucg_box.o) (ucg_DrawCircle)
D:\Projects\lumi-libraries-main\lumi-libraries-main\SDK_1.0.3_NUCLEO-F401RE\lib_stm\liblibraries.a(ucg_dev_default_cb.o)
                              D:\Projects\lumi-libraries-main\lumi-libraries-main\SDK_1.0.3_NUCLEO-F401RE\lib_stm\liblibraries.a(Ucglib.o) (ucg_dev_default_cb)
D:\Projects\lumi-libraries-main\lumi-libraries-main\SDK_1.0.3_NUCLEO-F401RE\lib_stm\liblibraries.a(ucg_dev_ic_st7735.o)
                              D:\Projects\lumi-libraries-main\lumi-libraries-main\SDK_1.0.3_NUCLEO-F401RE\lib_stm\liblibraries.a(Ucglib.o) (ucg_ext_st7735_18)
D:\Projects\lumi-libraries-main\lumi-libraries-main\SDK_1.0.3_NUCLEO-F401RE\lib_stm\liblibraries.a(ucg_dev_msg_api.o)
                              D:\Projects\lumi-libraries-main\lumi-libraries-main\SDK_1.0.3_NUCLEO-F401RE\lib_stm\liblibraries.a(ucg_box.o) (ucg_SetMaxClipRange)
D:\Projects\lumi-libraries-main\lumi-libraries-main\SDK_1.0.3_NUCLEO-F401RE\lib_stm\liblibraries.a(ucg_dev_tft_128x128_st7735.o)
                              D:\Projects\lumi-libraries-main\lumi-libraries-main\SDK_1.0.3_NUCLEO-F401RE\lib_stm\liblibraries.a(Ucglib.o) (ucg_dev_st7735_18x128x128)
D:\Projects\lumi-libraries-main\lumi-libraries-main\SDK_1.0.3_NUCLEO-F401RE\lib_stm\liblibraries.a(ucg_font.o)
                              D:\Projects\lumi-libraries-main\lumi-libraries-main\SDK_1.0.3_NUCLEO-F401RE\lib_stm\liblibraries.a(Ucglib.o) (ucg_SetFontMode)
D:\Projects\lumi-libraries-main\lumi-libraries-main\SDK_1.0.3_NUCLEO-F401RE\lib_stm\liblibraries.a(ucg_init.o)
                              D:\Projects\lumi-libraries-main\lumi-libraries-main\SDK_1.0.3_NUCLEO-F401RE\lib_stm\liblibraries.a(Ucglib.o) (ucg_Init)
D:\Projects\lumi-libraries-main\lumi-libraries-main\SDK_1.0.3_NUCLEO-F401RE\lib_stm\liblibraries.a(ucg_line.o)
                              D:\Projects\lumi-libraries-main\lumi-libraries-main\SDK_1.0.3_NUCLEO-F401RE\lib_stm\liblibraries.a(ucg_font.o) (ucg_Draw90Line)
D:\Projects\lumi-libraries-main\lumi-libraries-main\SDK_1.0.3_NUCLEO-F401RE\lib_stm\liblibraries.a(ucg_pixel.o)
                              ./Src/main.o (ucg_SetColor)
D:\Projects\lumi-libraries-main\lumi-libraries-main\SDK_1.0.3_NUCLEO-F401RE\lib_stm\liblibraries.a(ucg_pixel_font_data.o)
                              ./Src/main.o (ucg_font_ncenR10_hr)
D:\Projects\lumi-libraries-main\lumi-libraries-main\SDK_1.0.3_NUCLEO-F401RE\lib_stm\liblibraries.a(ucg_rotate.o)
                              ./Src/main.o (ucg_SetRotate180)
D:\Projects\lumi-libraries-main\lumi-libraries-main\SDK_1.0.3_NUCLEO-F401RE\lib_stm\liblibraries.a(buff.o)
                              ./Src/main.o (bufInit)
[...]
Memory Configuration

Name             Origin             Length             Attributes
RAM              0x20000000         0x00018000         xrw
FLASH            0x08000000         0x00080000         xr
*default*        0x00000000         0xffffffff

Linker script and memory map

LOAD C:/ST/STM32CubeIDE_1.19.0/STM32CubeIDE/plugins/com.st.stm32cube.ide.mcu.externaltools.gnu-tools-for-stm32.13.3.rel1.win32_1.0.0.202411081344/tools/bin/../lib/gcc/arm-none-eabi/13.3.1/thumb/v7e-m+fp/hard/crti.o
LOAD C:/ST/STM32CubeIDE_1.19.0/STM32CubeIDE/plugins/com.st.stm32cube.ide.mcu.externaltools.gnu-tools-for-stm32.13.3.rel1.win32_1.0.0.202411081344/tools/bin/../lib/gcc/arm-none-eabi/13.3.1/thumb/v7e-m+fp/hard/crtbegin.o
LOAD C:/ST/STM32CubeIDE_1.19.0/STM32CubeIDE/plugins/com.st.stm32cube.ide.mcu.externaltools.gnu-tools-for-stm32.13.3.rel1.win32_1.0.0.202411081344/tools/bin/../lib/gcc/arm-none-eabi/13.3.1/../../../../arm-none-eabi/lib/thumb/v7e-m+fp/hard/crt0.o
LOAD ./Src/main.o
LOAD ./Src/syscalls.o
LOAD ./Src/sysmem.o
LOAD ./Startup/startup_stm32f401retx.o
LOAD D:\Projects\lumi-libraries-main\lumi-libraries-main\SDK_1.0.3_NUCLEO-F401RE\lib_stm\liblibraries.a
START GROUP
LOAD C:/ST/STM32CubeIDE_1.19.0/STM32CubeIDE/plugins/com.st.stm32cube.ide.mcu.externaltools.gnu-tools-for-stm32.13.3.rel1.win32_1.0.0.202411081344/tools/bin/../lib/gcc/arm-none-eabi/13.3.1/../../../../arm-none-eabi/lib/thumb/v7e-m+fp/hard\libc_nano.a
LOAD C:/ST/STM32CubeIDE_1.19.0/STM32CubeIDE/plugins/com.st.stm32cube.ide.mcu.externaltools.gnu-tools-for-stm32.13.3.rel1.win32_1.0.0.202411081344/tools/bin/../lib/gcc/arm-none-eabi/13.3.1/../../../../arm-none-eabi/lib/thumb/v7e-m+fp/hard\libm.a
END GROUP
START GROUP
LOAD C:/ST/STM32CubeIDE_1.19.0/STM32CubeIDE/plugins/com.st.stm32cube.ide.mcu.externaltools.gnu-tools-for-stm32.13.3.rel1.win32_1.0.0.202411081344/tools/bin/../lib/gcc/arm-none-eabi/13.3.1/thumb/v7e-m+fp/hard\libgcc.a
LOAD C:/ST/STM32CubeIDE_1.19.0/STM32CubeIDE/plugins/com.st.stm32cube.ide.mcu.externaltools.gnu-tools-for-stm32.13.3.rel1.win32_1.0.0.202411081344/tools/bin/../lib/gcc/arm-none-eabi/13.3.1/../../../../arm-none-eabi/lib/thumb/v7e-m+fp/hard\libc_nano.a
END GROUP
START GROUP
LOAD C:/ST/STM32CubeIDE_1.19.0/STM32CubeIDE/plugins/com.st.stm32cube.ide.mcu.externaltools.gnu-tools-for-stm32.13.3.rel1.win32_1.0.0.202411081344/tools/bin/../lib/gcc/arm-none-eabi/13.3.1/thumb/v7e-m+fp/hard\libgcc.a
LOAD C:/ST/STM32CubeIDE_1.19.0/STM32CubeIDE/plugins/com.st.stm32cube.ide.mcu.externaltools.gnu-tools-for-stm32.13.3.rel1.win32_1.0.0.202411081344/tools/bin/../lib/gcc/arm-none-eabi/13.3.1/../../../../arm-none-eabi/lib/thumb/v7e-m+fp/hard\libc_nano.a
LOAD C:/ST/STM32CubeIDE_1.19.0/STM32CubeIDE/plugins/com.st.stm32cube.ide.mcu.externaltools.gnu-tools-for-stm32.13.3.rel1.win32_1.0.0.202411081344/tools/bin/../lib/gcc/arm-none-eabi/13.3.1/../../../../arm-none-eabi/lib/thumb/v7e-m+fp/hard\libnosys.a
END GROUP
START GROUP
LOAD C:/ST/STM32CubeIDE_1.19.0/STM32CubeIDE/plugins/com.st.stm32cube.ide.mcu.externaltools.gnu-tools-for-stm32.13.3.rel1.win32_1.0.0.202411081344/tools/bin/../lib/gcc/arm-none-eabi/13.3.1/thumb/v7e-m+fp/hard\libgcc.a
LOAD C:/ST/STM32CubeIDE_1.19.0/STM32CubeIDE/plugins/com.st.stm32cube.ide.mcu.externaltools.gnu-tools-for-stm32.13.3.rel1.win32_1.0.0.202411081344/tools/bin/../lib/gcc/arm-none-eabi/13.3.1/../../../../arm-none-eabi/lib/thumb/v7e-m+fp/hard\libc_nano.a
LOAD C:/ST/STM32CubeIDE_1.19.0/STM32CubeIDE/plugins/com.st.stm32cube.ide.mcu.externaltools.gnu-tools-for-stm32.13.3.rel1.win32_1.0.0.202411081344/tools/bin/../lib/gcc/arm-none-eabi/13.3.1/../../../../arm-none-eabi/lib/thumb/v7e-m+fp/hard\libnosys.a
END GROUP
LOAD C:/ST/STM32CubeIDE_1.19.0/STM32CubeIDE/plugins/com.st.stm32cube.ide.mcu.externaltools.gnu-tools-for-stm32.13.3.rel1.win32_1.0.0.202411081344/tools/bin/../lib/gcc/arm-none-eabi/13.3.1/thumb/v7e-m+fp/hard/crtend.o
LOAD C:/ST/STM32CubeIDE_1.19.0/STM32CubeIDE/plugins/com.st.stm32cube.ide.mcu.externaltools.gnu-tools-for-stm32.13.3.rel1.win32_1.0.0.202411081344/tools/bin/../lib/gcc/arm-none-eabi/13.3.1/thumb/v7e-m+fp/hard/crtn.o
                0x20018000                        _estack = (ORIGIN (RAM) + LENGTH (RAM))
                0x00000200                        _Min_Heap_Size = 0x200
                0x00000400                        _Min_Stack_Size = 0x400

.isr_vector     0x08000000      0x194
                0x08000000                        . = ALIGN (0x4)
 *(.isr_vector)
 .isr_vector    0x08000000      0x194 ./Startup/startup_stm32f401retx.o
                0x08000000                g_pfnVectors
                0x08000194                        . = ALIGN (0x4)

.text           0x08000194     0x45fc
                0x08000194                        . = ALIGN (0x4)
 *(.text)
 .text          0x08000194       0x40 C:/ST/STM32CubeIDE_1.19.0/STM32CubeIDE/plugins/com.st.stm32cube.ide.mcu.externaltools.gnu-tools-for-stm32.13.3.rel1.win32_1.0.0.202411081344/tools/bin/../lib/gcc/arm-none-eabi/13.3.1/thumb/v7e-m+fp/hard/crtbegin.o
 *(.text*)
 .text.Delay_ms
                0x080001d4       0x40 ./Src/main.o
                0x080001d4                Delay_ms
 .text.Led_Init
                0x08000214       0x90 ./Src/main.o
 .text.Led_Control
                0x080002a4       0xc0 ./Src/main.o
 .text.Buzzer_Init
                0x08000364       0x38 ./Src/main.o
 .text.Buzzer_Control
                0x0800039c       0x3a ./Src/main.o
 *fill*         0x080003d6        0x2 
 .text.I2C_InitMaster
                0x080003d8       0xa4 ./Src/main.o
                0x080003d8                I2C_InitMaster
 .text.I2C_start
                0x0800047c       0x3c ./Src/main.o
 .text.I2C_transmit
                0x080004b8       0x38 ./Src/main.o
 .text.I2C_stop
                0x080004f0       0x14 ./Src/main.o
 .text.I2C_receive_nack
                0x08000504       0x30 ./Src/main.o
                0x08000504                I2C_receive_nack
 .text.I2C_receive_ack
                0x08000534       0x30 ./Src/main.o
                0x08000534                I2C_receive_ack
 .text.TemHumSensor_readRegister
                0x08000564       0xbc ./Src/main.o
                0x08000564                TemHumSensor_readRegister
 .text.TemHumSensor_getTemperature
                0x08000620       0x7c ./Src/main.o
                0x08000620                TemHumSensor_getTemperature
 .text.TemHumSensor_getHumidity
                0x0800069c       0xac ./Src/main.o
                0x0800069c                TemHumSensor_getHumidity
 .text.USART2_Init
                0x08000748       0xb8 ./Src/main.o
                0x08000748                USART2_Init
 .text.USART2_IRQHandler
                0x08000800       0x48 ./Src/main.o
                0x08000800                USART2_IRQHandler
 .text.SerialInit
                0x08000848       0x24 ./Src/main.o
                0x08000848                SerialInit
 .text.SerialPoll
                0x0800086c      0x100 ./Src/main.o
                0x0800086c                SerialPoll
 .text.Serial_SendFrame
                0x0800096c      0x154 ./Src/main.o
 .text.process_SerialReceiver
                0x08000ac0      0x270 ./Src/main.o
                0x08000ac0                process_SerialReceiver
 .text.MultiSensorScan
                0x08000d30       0xe0 ./Src/main.o
                0x08000d30                MultiSensorScan
 .text.main     0x08000e10       0x88 ./Src/main.o
                0x08000e10                main
 .text.Reset_Handler
                0x08000e98       0x50 ./Startup/startup_stm32f401retx.o
                0x08000e98                Reset_Handler
 .text.Default_Handler
                0x08000ee8        0x2 ./Startup/startup_stm32f401retx.o
                0x08000ee8                EXTI2_IRQHandler
                0x08000ee8                DebugMon_Handler
                0x08000ee8                SPI4_IRQHandler
                0x08000ee8                TIM1_CC_IRQHandler
                0x08000ee8                DMA2_Stream5_IRQHandler
                0x08000ee8                HardFault_Handler
                0x08000ee8                DMA1_Stream5_IRQHandler
                0x08000ee8                SDIO_IRQHandler
                0x08000ee8                TAMP_STAMP_IRQHandler
                0x08000ee8                PendSV_Handler
                0x08000ee8                NMI_Handler
                0x08000ee8                EXTI3_IRQHandler
                0x08000ee8                TIM1_UP_TIM10_IRQHandler
                0x08000ee8                I2C3_ER_IRQHandler
                0x08000ee8                EXTI18_OTG_FS_WKUP_IRQHandler
                0x08000ee8                EXTI0_IRQHandler
                0x08000ee8                I2C2_EV_IRQHandler
                0x08000ee8                DMA1_Stream2_IRQHandler
                0x08000ee8                UsageFault_Handler
                0x08000ee8                DMA2_Stream2_IRQHandler
                0x08000ee8                SPI1_IRQHandler
                0x08000ee8                TIM1_BRK_TIM9_IRQHandler
                0x08000ee8                DMA2_Stream3_IRQHandler
                0x08000ee8                USART6_IRQHandler
                0x08000ee8                DMA2_Stream0_IRQHandler
                0x08000ee8                TIM4_IRQHandler
                0x08000ee8                I2C1_EV_IRQHandler
                0x08000ee8                DMA1_Stream6_IRQHandler
                0x08000ee8                DMA1_Stream1_IRQHandler
                0x08000ee8                TIM3_IRQHandler
                0x08000ee8                RCC_IRQHandler
                0x08000ee8                Default_Handler
                0x08000ee8                EXTI15_10_IRQHandler
                0x08000ee8                ADC_IRQHandler
                0x08000ee8                DMA1_Stream7_IRQHandler
                0x08000ee8                TIM5_IRQHandler
                0x08000ee8                DMA2_Stream7_IRQHandler
                0x08000ee8                I2C3_EV_IRQHandler
                0x08000ee8                EXTI9_5_IRQHandler
                0x08000ee8                SPI2_IRQHandler
                0x08000ee8                MemManage_Handler
                0x08000ee8                DMA1_Stream0_IRQHandler
                0x08000ee8                SVC_Handler
                0x08000ee8                EXTI4_IRQHandler
                0x08000ee8                EXTI22_RTC_WKUP_IRQHandler
                0x08000ee8                TIM2_IRQHandler
                0x08000ee8                EXTI16_PVD_IRQHandler
                0x08000ee8                TIM1_TRG_COM_TIM11_IRQHandler
                0x08000ee8                EXTI1_IRQHandler
                0x08000ee8                EXTI17_RTC_Alarm_IRQHandler
                0x08000ee8                I2C2_ER_IRQHandler
                0x08000ee8                DMA2_Stream1_IRQHandler
                0x08000ee8                FLASH_IRQHandler
                0x08000ee8                DMA2_Stream4_IRQHandler
                0x08000ee8                BusFault_Handler
                0x08000ee8                USART1_IRQHandler
                0x08000ee8                OTG_FS_IRQHandler
                0x08000ee8                SPI3_IRQHandler
                0x08000ee8                DMA1_Stream4_IRQHandler
                0x08000ee8                I2C1_ER_IRQHandler
                0x08000ee8                DMA2_Stream6_IRQHandler
                0x08000ee8                DMA1_Stream3_IRQHandler
 *fill*         0x08000eea        0x2 
 .text.SystemInit
                0x08000eec       0x6c D:\Projects\lumi-libraries-main\lumi-libraries-main\SDK_1.0.3_NUCLEO-F401RE\lib_stm\liblibraries.a(system_stm32f4xx.o)
                0x08000eec                SystemInit
 .text.SystemCoreClockUpdate
                0x08000f58       0xf8 D:\Projects\lumi-libraries-main\lumi-libraries-main\SDK_1.0.3_NUCLEO-F401RE\lib_stm\liblibraries.a(system_stm32f4xx.o)
                0x08000f58                SystemCoreClockUpdate
 .text.SetSysClock
                0x08001050       0xa0 D:\Projects\lumi-libraries-main\lumi-libraries-main\SDK_1.0.3_NUCLEO-F401RE\lib_stm\liblibraries.a(system_stm32f4xx.o)
 .text.NVIC_PriorityGroupConfig
                0x080010f0       0x28 D:\Projects\lumi-libraries-main\lumi-libraries-main\SDK_1.0.3_NUCLEO-F401RE\lib_stm\liblibraries.a(misc.o)
                0x080010f0                NVIC_PriorityGroupConfig
 .text.NVIC_Init
                0x08001118       0xc4 D:\Projects\lumi-libraries-main\lumi-libraries-main\SDK_1.0.3_NUCLEO-F401RE\lib_stm\liblibraries.a(misc.o)
                0x08001118                NVIC_Init
 .text.GPIO_Init
                0x080011dc      0x11c D:\Projects\lumi-libraries-main\lumi-libraries-main\SDK_1.0.3_NUCLEO-F401RE\lib_stm\liblibraries.a(stm32f401re_gpio.o)
                0x080011dc                GPIO_Init
 .text.GPIO_SetBits
                0x080012f8       0x1e D:\Projects\lumi-libraries-main\lumi-libraries-main\SDK_1.0.3_NUCLEO-F401RE\lib_stm\liblibraries.a(stm32f401re_gpio.o)
                0x080012f8                GPIO_SetBits
 .text.GPIO_ResetBits
                0x08001316       0x1e D:\Projects\lumi-libraries-main\lumi-libraries-main\SDK_1.0.3_NUCLEO-F401RE\lib_stm\liblibraries.a(stm32f401re_gpio.o)
                0x08001316                GPIO_ResetBits
 .text.GPIO_WriteBit
                0x08001334       0x30 D:\Projects\lumi-libraries-main\lumi-libraries-main\SDK_1.0.3_NUCLEO-F401RE\lib_stm\liblibraries.a(stm32f401re_gpio.o)
                0x08001334                GPIO_WriteBit
 .text.GPIO_PinAFConfig
                0x08001364       0x92 D:\Projects\lumi-libraries-main\lumi-libraries-main\SDK_1.0.3_NUCLEO-F401RE\lib_stm\liblibraries.a(stm32f401re_gpio.o)
                0x08001364                GPIO_PinAFConfig
 *fill*         0x080013f6        0x2 
 .text.I2C_Init
                0x080013f8      0x184 D:\Projects\lumi-libraries-main\lumi-libraries-main\SDK_1.0.3_NUCLEO-F401RE\lib_stm\liblibraries.a(stm32f401re_i2c.o)
                0x080013f8                I2C_Init
 .text.I2C_Cmd  0x0800157c       0x40 D:\Projects\lumi-libraries-main\lumi-libraries-main\SDK_1.0.3_NUCLEO-F401RE\lib_stm\liblibraries.a(stm32f401re_i2c.o)
                0x0800157c                I2C_Cmd
 .text.I2C_GenerateSTART
                0x080015bc       0x40 D:\Projects\lumi-libraries-main\lumi-libraries-main\SDK_1.0.3_NUCLEO-F401RE\lib_stm\liblibraries.a(stm32f401re_i2c.o)
                0x080015bc                I2C_GenerateSTART
 .text.I2C_GenerateSTOP
                0x080015fc       0x40 D:\Projects\lumi-libraries-main\lumi-libraries-main\SDK_1.0.3_NUCLEO-F401RE\lib_stm\liblibraries.a(stm32f401re_i2c.o)
                0x080015fc                I2C_GenerateSTOP
 .text.I2C_Send7bitAddress
                0x0800163c       0x3c D:\Projects\lumi-libraries-main\lumi-libraries-main\SDK_1.0.3_NUCLEO-F401RE\lib_stm\liblibraries.a(stm32f401re_i2c.o)
                0x0800163c                I2C_Send7bitAddress
 .text.I2C_AcknowledgeConfig
                0x08001678       0x40 D:\Projects\lumi-libraries-main\lumi-libraries-main\SDK_1.0.3_NUCLEO-F401RE\lib_stm\liblibraries.a(stm32f401re_i2c.o)
                0x08001678                I2C_AcknowledgeConfig
 .text.I2C_SendData
                0x080016b8       0x20 D:\Projects\lumi-libraries-main\lumi-libraries-main\SDK_1.0.3_NUCLEO-F401RE\lib_stm\liblibraries.a(stm32f401re_i2c.o)
                0x080016b8                I2C_SendData
 .text.I2C_ReceiveData
                0x080016d8       0x1c D:\Projects\lumi-libraries-main\lumi-libraries-main\SDK_1.0.3_NUCLEO-F401RE\lib_stm\liblibraries.a(stm32f401re_i2c.o)
                0x080016d8                I2C_ReceiveData
 .text.I2C_CheckEvent
                0x080016f4       0x60 D:\Projects\lumi-libraries-main\lumi-libraries-main\SDK_1.0.3_NUCLEO-F401RE\lib_stm\liblibraries.a(stm32f401re_i2c.o)
                0x080016f4                I2C_CheckEvent
 .text.I2C_GetFlagStatus
                0x08001754       0x66 D:\Projects\lumi-libraries-main\lumi-libraries-main\SDK_1.0.3_NUCLEO-F401RE\lib_stm\liblibraries.a(stm32f401re_i2c.o)
                0x08001754                I2C_GetFlagStatus
 *fill*         0x080017ba        0x2 
 .text.RCC_GetClocksFreq
                0x080017bc      0x150 D:\Projects\lumi-libraries-main\lumi-libraries-main\SDK_1.0.3_NUCLEO-F401RE\lib_stm\liblibraries.a(stm32f401re_rcc.o)
                0x080017bc                RCC_GetClocksFreq
 .text.RCC_AHB1PeriphClockCmd
                0x0800190c       0x40 D:\Projects\lumi-libraries-main\lumi-libraries-main\SDK_1.0.3_NUCLEO-F401RE\lib_stm\liblibraries.a(stm32f401re_rcc.o)
                0x0800190c                RCC_AHB1PeriphClockCmd
 .text.RCC_APB1PeriphClockCmd
                0x0800194c       0x40 D:\Projects\lumi-libraries-main\lumi-libraries-main\SDK_1.0.3_NUCLEO-F401RE\lib_stm\liblibraries.a(stm32f401re_rcc.o)
                0x0800194c                RCC_APB1PeriphClockCmd
 .text.USART_Init
                0x0800198c      0x174 D:\Projects\lumi-libraries-main\lumi-libraries-main\SDK_1.0.3_NUCLEO-F401RE\lib_stm\liblibraries.a(stm32f401re_usart.o)
                0x0800198c                USART_Init
 .text.USART_Cmd
                0x08001b00       0x40 D:\Projects\lumi-libraries-main\lumi-libraries-main\SDK_1.0.3_NUCLEO-F401RE\lib_stm\liblibraries.a(stm32f401re_usart.o)
                0x08001b00                USART_Cmd
 .text.USART_SendData
                0x08001b40       0x24 D:\Projects\lumi-libraries-main\lumi-libraries-main\SDK_1.0.3_NUCLEO-F401RE\lib_stm\liblibraries.a(stm32f401re_usart.o)
                0x08001b40                USART_SendData
 .text.USART_ReceiveData
                0x08001b64       0x20 D:\Projects\lumi-libraries-main\lumi-libraries-main\SDK_1.0.3_NUCLEO-F401RE\lib_stm\liblibraries.a(stm32f401re_usart.o)
                0x08001b64                USART_ReceiveData
 .text.USART_ITConfig
                0x08001b84       0x90 D:\Projects\lumi-libraries-main\lumi-libraries-main\SDK_1.0.3_NUCLEO-F401RE\lib_stm\liblibraries.a(stm32f401re_usart.o)
                0x08001b84                USART_ITConfig
 .text.USART_GetFlagStatus
                0x08001c14       0x38 D:\Projects\lumi-libraries-main\lumi-libraries-main\SDK_1.0.3_NUCLEO-F401RE\lib_stm\liblibraries.a(stm32f401re_usart.o)
                0x08001c14                USART_GetFlagStatus
 .text.USART_GetITStatus
                0x08001c4c       0xb6 D:\Projects\lumi-libraries-main\lumi-libraries-main\SDK_1.0.3_NUCLEO-F401RE\lib_stm\liblibraries.a(stm32f401re_usart.o)
                0x08001c4c                USART_GetITStatus
 .text.USART_ClearITPendingBit
                0x08001d02       0x3a D:\Projects\lumi-libraries-main\lumi-libraries-main\SDK_1.0.3_NUCLEO-F401RE\lib_stm\liblibraries.a(stm32f401re_usart.o)
                0x08001d02                USART_ClearITPendingBit
 .text.NVIC_SetPriority
                0x08001d3c       0x54 D:\Projects\lumi-libraries-main\lumi-libraries-main\SDK_1.0.3_NUCLEO-F401RE\lib_stm\liblibraries.a(timer.o)
 .text.SysTick_Config
                0x08001d90       0x44 D:\Projects\lumi-libraries-main\lumi-libraries-main\SDK_1.0.3_NUCLEO-F401RE\lib_stm\liblibraries.a(timer.o)
 .text.TimerInit
                0x08001dd4       0x44 D:\Projects\lumi-libraries-main\lumi-libraries-main\SDK_1.0.3_NUCLEO-F401RE\lib_stm\liblibraries.a(timer.o)
                0x08001dd4                TimerInit
 .text.TimerStart
                0x08001e18       0xc4 D:\Projects\lumi-libraries-main\lumi-libraries-main\SDK_1.0.3_NUCLEO-F401RE\lib_stm\liblibraries.a(timer.o)
                0x08001e18                TimerStart
 .text.TimerStop
                0x08001edc       0xa0 D:\Projects\lumi-libraries-main\lumi-libraries-main\SDK_1.0.3_NUCLEO-F401RE\lib_stm\liblibraries.a(timer.o)
                0x08001edc                TimerStop
 .text.GetMilSecTick
                0x08001f7c       0x18 D:\Projects\lumi-libraries-main\lumi-libraries-main\SDK_1.0.3_NUCLEO-F401RE\lib_stm\liblibraries.a(timer.o)
                0x08001f7c                GetMilSecTick
 .text.processTimerScheduler
                0x08001f94       0xf0 D:\Projects\lumi-libraries-main\lumi-libraries-main\SDK_1.0.3_NUCLEO-F401RE\lib_stm\liblibraries.a(timer.o)
                0x08001f94                processTimerScheduler
 .text.TimeExpired
                0x08002084       0xcc D:\Projects\lumi-libraries-main\lumi-libraries-main\SDK_1.0.3_NUCLEO-F401RE\lib_stm\liblibraries.a(timer.o)
 .text.SysTick_Handler
                0x08002150       0x1c D:\Projects\lumi-libraries-main\lumi-libraries-main\SDK_1.0.3_NUCLEO-F401RE\lib_stm\liblibraries.a(timer.o)
                0x08002150                SysTick_Handler
 .text.delayMicroseconds
                0x0800216c       0x14 D:\Projects\lumi-libraries-main\lumi-libraries-main\SDK_1.0.3_NUCLEO-F401RE\lib_stm\liblibraries.a(Ucglib.o)
 .text.ucg_gpio_init
                0x08002180       0x60 D:\Projects\lumi-libraries-main\lumi-libraries-main\SDK_1.0.3_NUCLEO-F401RE\lib_stm\liblibraries.a(Ucglib.o)
 .text.ucg_com_arduino_send_generic_SW_SPI
                0x080021e0       0x74 D:\Projects\lumi-libraries-main\lumi-libraries-main\SDK_1.0.3_NUCLEO-F401RE\lib_stm\liblibraries.a(Ucglib.o)
 .text.ucg_com_arduino_generic_SW_SPI
                0x08002254      0x1ec D:\Projects\lumi-libraries-main\lumi-libraries-main\SDK_1.0.3_NUCLEO-F401RE\lib_stm\liblibraries.a(Ucglib.o)
 .text.Ucglib4WireSWSPI_begin
                0x08002440       0x38 D:\Projects\lumi-libraries-main\lumi-libraries-main\SDK_1.0.3_NUCLEO-F401RE\lib_stm\liblibraries.a(Ucglib.o)
                0x08002440                Ucglib4WireSWSPI_begin
 .text.ucg_DrawBox
                0x08002478       0x56 D:\Projects\lumi-libraries-main\lumi-libraries-main\SDK_1.0.3_NUCLEO-F401RE\lib_stm\liblibraries.a(ucg_box.o)
                0x08002478                ucg_DrawBox
 .text.ucg_ClearScreen
                0x080024ce       0x50 D:\Projects\lumi-libraries-main\lumi-libraries-main\SDK_1.0.3_NUCLEO-F401RE\lib_stm\liblibraries.a(ucg_box.o)
                0x080024ce                ucg_ClearScreen
 .text.ucg_ccs_init
                0x0800251e       0xc0 D:\Projects\lumi-libraries-main\lumi-libraries-main\SDK_1.0.3_NUCLEO-F401RE\lib_stm\liblibraries.a(ucg_ccs.o)
                0x0800251e                ucg_ccs_init
 .text.ucg_ccs_step
                0x080025de       0x80 D:\Projects\lumi-libraries-main\lumi-libraries-main\SDK_1.0.3_NUCLEO-F401RE\lib_stm\liblibraries.a(ucg_ccs.o)
                0x080025de                ucg_ccs_step
 .text.ucg_ccs_seek
                0x0800265e       0xca D:\Projects\lumi-libraries-main\lumi-libraries-main\SDK_1.0.3_NUCLEO-F401RE\lib_stm\liblibraries.a(ucg_ccs.o)
                0x0800265e                ucg_ccs_seek
 .text.ucg_dev_default_cb
                0x08002728       0x44 D:\Projects\lumi-libraries-main\lumi-libraries-main\SDK_1.0.3_NUCLEO-F401RE\lib_stm\liblibraries.a(ucg_dev_default_cb.o)
                0x08002728                ucg_dev_default_cb
 .text.ucg_ext_none
                0x0800276c       0x1c D:\Projects\lumi-libraries-main\lumi-libraries-main\SDK_1.0.3_NUCLEO-F401RE\lib_stm\liblibraries.a(ucg_dev_default_cb.o)
                0x0800276c                ucg_ext_none
 .text.ucg_handle_st7735_l90fx
                0x08002788       0xd8 D:\Projects\lumi-libraries-main\lumi-libraries-main\SDK_1.0.3_NUCLEO-F401RE\lib_stm\liblibraries.a(ucg_dev_ic_st7735.o)
                0x08002788                ucg_handle_st7735_l90fx
 .text.ucg_handle_st7735_l90se
                0x08002860      0x154 D:\Projects\lumi-libraries-main\lumi-libraries-main\SDK_1.0.3_NUCLEO-F401RE\lib_stm\liblibraries.a(ucg_dev_ic_st7735.o)
                0x08002860                ucg_handle_st7735_l90se
 .text.ucg_dev_ic_st7735_18
                0x080029b4       0xf8 D:\Projects\lumi-libraries-main\lumi-libraries-main\SDK_1.0.3_NUCLEO-F401RE\lib_stm\liblibraries.a(ucg_dev_ic_st7735.o)
                0x080029b4                ucg_dev_ic_st7735_18
 .text.ucg_ext_st7735_18
                0x08002aac       0x28 D:\Projects\lumi-libraries-main\lumi-libraries-main\SDK_1.0.3_NUCLEO-F401RE\lib_stm\liblibraries.a(ucg_dev_ic_st7735.o)
                0x08002aac                ucg_ext_st7735_18
 .text.ucg_PowerDown
                0x08002ad4       0x34 D:\Projects\lumi-libraries-main\lumi-libraries-main\SDK_1.0.3_NUCLEO-F401RE\lib_stm\liblibraries.a(ucg_dev_msg_api.o)
                0x08002ad4                ucg_PowerDown
 .text.ucg_PowerUp
                0x08002b08       0x3c D:\Projects\lumi-libraries-main\lumi-libraries-main\SDK_1.0.3_NUCLEO-F401RE\lib_stm\liblibraries.a(ucg_dev_msg_api.o)
                0x08002b08                ucg_PowerUp
 .text.ucg_SetClipBox
                0x08002b44       0x1e D:\Projects\lumi-libraries-main\lumi-libraries-main\SDK_1.0.3_NUCLEO-F401RE\lib_stm\liblibraries.a(ucg_dev_msg_api.o)
                0x08002b44                ucg_SetClipBox
 .text.ucg_SetMaxClipRange
                0x08002b62       0x30 D:\Projects\lumi-libraries-main\lumi-libraries-main\SDK_1.0.3_NUCLEO-F401RE\lib_stm\liblibraries.a(ucg_dev_msg_api.o)
                0x08002b62                ucg_SetMaxClipRange
 .text.ucg_GetDimension
                0x08002b92       0x24 D:\Projects\lumi-libraries-main\lumi-libraries-main\SDK_1.0.3_NUCLEO-F401RE\lib_stm\liblibraries.a(ucg_dev_msg_api.o)
                0x08002b92                ucg_GetDimension
 .text.ucg_DrawL90FXWithArg
                0x08002bb6       0x1e D:\Projects\lumi-libraries-main\lumi-libraries-main\SDK_1.0.3_NUCLEO-F401RE\lib_stm\liblibraries.a(ucg_dev_msg_api.o)
                0x08002bb6                ucg_DrawL90FXWithArg
 .text.ucg_dev_st7735_18x128x128
                0x08002bd4       0x80 D:\Projects\lumi-libraries-main\lumi-libraries-main\SDK_1.0.3_NUCLEO-F401RE\lib_stm\liblibraries.a(ucg_dev_tft_128x128_st7735.o)
                0x08002bd4                ucg_dev_st7735_18x128x128
 .text.ucg_font_get_byte
                0x08002c54       0x24 D:\Projects\lumi-libraries-main\lumi-libraries-main\SDK_1.0.3_NUCLEO-F401RE\lib_stm\liblibraries.a(ucg_font.o)
 .text.ucg_font_get_word
                0x08002c78       0x40 D:\Projects\lumi-libraries-main\lumi-libraries-main\SDK_1.0.3_NUCLEO-F401RE\lib_stm\liblibraries.a(ucg_font.o)
 .text.ucg_read_font_info
                0x08002cb8      0x142 D:\Projects\lumi-libraries-main\lumi-libraries-main\SDK_1.0.3_NUCLEO-F401RE\lib_stm\liblibraries.a(ucg_font.o)
                0x08002cb8                ucg_read_font_info
 .text.ucg_font_decode_get_unsigned_bits
                0x08002dfa       0x96 D:\Projects\lumi-libraries-main\lumi-libraries-main\SDK_1.0.3_NUCLEO-F401RE\lib_stm\liblibraries.a(ucg_font.o)
                0x08002dfa                ucg_font_decode_get_unsigned_bits
 .text.ucg_font_decode_get_signed_bits
                0x08002e90       0x46 D:\Projects\lumi-libraries-main\lumi-libraries-main\SDK_1.0.3_NUCLEO-F401RE\lib_stm\liblibraries.a(ucg_font.o)
                0x08002e90                ucg_font_decode_get_signed_bits
 .text.ucg_add_vector_y
                0x08002ed6       0x7a D:\Projects\lumi-libraries-main\lumi-libraries-main\SDK_1.0.3_NUCLEO-F401RE\lib_stm\liblibraries.a(ucg_font.o)
 .text.ucg_add_vector_x
                0x08002f50       0x7a D:\Projects\lumi-libraries-main\lumi-libraries-main\SDK_1.0.3_NUCLEO-F401RE\lib_stm\liblibraries.a(ucg_font.o)
 .text.ucg_font_decode_len
                0x08002fca      0x118 D:\Projects\lumi-libraries-main\lumi-libraries-main\SDK_1.0.3_NUCLEO-F401RE\lib_stm\liblibraries.a(ucg_font.o)
                0x08002fca                ucg_font_decode_len
 .text.ucg_font_setup_decode
                0x080030e2       0x64 D:\Projects\lumi-libraries-main\lumi-libraries-main\SDK_1.0.3_NUCLEO-F401RE\lib_stm\liblibraries.a(ucg_font.o)
 .text.ucg_font_decode_glyph
                0x08003146      0x14c D:\Projects\lumi-libraries-main\lumi-libraries-main\SDK_1.0.3_NUCLEO-F401RE\lib_stm\liblibraries.a(ucg_font.o)
                0x08003146                ucg_font_decode_glyph
 .text.ucg_font_get_glyph_data
                0x08003292       0x7a D:\Projects\lumi-libraries-main\lumi-libraries-main\SDK_1.0.3_NUCLEO-F401RE\lib_stm\liblibraries.a(ucg_font.o)
                0x08003292                ucg_font_get_glyph_data
 .text.ucg_font_draw_glyph
                0x0800330c       0x62 D:\Projects\lumi-libraries-main\lumi-libraries-main\SDK_1.0.3_NUCLEO-F401RE\lib_stm\liblibraries.a(ucg_font.o)
                0x0800330c                ucg_font_draw_glyph
 .text.ucg_SetFontMode
                0x0800336e       0x20 D:\Projects\lumi-libraries-main\lumi-libraries-main\SDK_1.0.3_NUCLEO-F401RE\lib_stm\liblibraries.a(ucg_font.o)
                0x0800336e                ucg_SetFontMode
 *fill*         0x0800338e        0x2 
 .text.ucg_DrawGlyph
                0x08003390       0xb0 D:\Projects\lumi-libraries-main\lumi-libraries-main\SDK_1.0.3_NUCLEO-F401RE\lib_stm\liblibraries.a(ucg_font.o)
                0x08003390                ucg_DrawGlyph
 .text.task_drawString
                0x08003440      0x138 D:\Projects\lumi-libraries-main\lumi-libraries-main\SDK_1.0.3_NUCLEO-F401RE\lib_stm\liblibraries.a(ucg_font.o)
                0x08003440                task_drawString
 .text.ucg_DrawString
                0x08003578       0x78 D:\Projects\lumi-libraries-main\lumi-libraries-main\SDK_1.0.3_NUCLEO-F401RE\lib_stm\liblibraries.a(ucg_font.o)
                0x08003578                ucg_DrawString
 .text.ucg_UpdateRefHeight
                0x080035f0       0xd8 D:\Projects\lumi-libraries-main\lumi-libraries-main\SDK_1.0.3_NUCLEO-F401RE\lib_stm\liblibraries.a(ucg_font.o)
                0x080035f0                ucg_UpdateRefHeight
 .text.ucg_font_calc_vref_font
                0x080036c8       0x16 D:\Projects\lumi-libraries-main\lumi-libraries-main\SDK_1.0.3_NUCLEO-F401RE\lib_stm\liblibraries.a(ucg_font.o)
                0x080036c8                ucg_font_calc_vref_font
 *fill*         0x080036de        0x2 
 .text.ucg_SetFontPosBaseline
                0x080036e0       0x20 D:\Projects\lumi-libraries-main\lumi-libraries-main\SDK_1.0.3_NUCLEO-F401RE\lib_stm\liblibraries.a(ucg_font.o)
                0x080036e0                ucg_SetFontPosBaseline
 .text.ucg_SetFont
                0x08003700       0x4c D:\Projects\lumi-libraries-main\lumi-libraries-main\SDK_1.0.3_NUCLEO-F401RE\lib_stm\liblibraries.a(ucg_font.o)
                0x08003700                ucg_SetFont
 .text.ucg_init_struct
                0x0800374c       0x50 D:\Projects\lumi-libraries-main\lumi-libraries-main\SDK_1.0.3_NUCLEO-F401RE\lib_stm\liblibraries.a(ucg_init.o)
                0x0800374c                ucg_init_struct
 .text.ucg_Init
                0x0800379c       0x5c D:\Projects\lumi-libraries-main\lumi-libraries-main\SDK_1.0.3_NUCLEO-F401RE\lib_stm\liblibraries.a(ucg_init.o)
                0x0800379c                ucg_Init
 .text.ucg_Draw90Line
                0x080037f8       0x88 D:\Projects\lumi-libraries-main\lumi-libraries-main\SDK_1.0.3_NUCLEO-F401RE\lib_stm\liblibraries.a(ucg_line.o)
                0x080037f8                ucg_Draw90Line
 .text.ucg_DrawHLine
                0x08003880       0x3e D:\Projects\lumi-libraries-main\lumi-libraries-main\SDK_1.0.3_NUCLEO-F401RE\lib_stm\liblibraries.a(ucg_line.o)
                0x08003880                ucg_DrawHLine
 .text.ucg_SetColor
                0x080038be       0x5c D:\Projects\lumi-libraries-main\lumi-libraries-main\SDK_1.0.3_NUCLEO-F401RE\lib_stm\liblibraries.a(ucg_pixel.o)
                0x080038be                ucg_SetColor
 .text.ucg_UndoRotate
                0x0800391a       0x32 D:\Projects\lumi-libraries-main\lumi-libraries-main\SDK_1.0.3_NUCLEO-F401RE\lib_stm\liblibraries.a(ucg_rotate.o)
                0x0800391a                ucg_UndoRotate
 .text.ucg_rotate_180_xy
                0x0800394c       0x66 D:\Projects\lumi-libraries-main\lumi-libraries-main\SDK_1.0.3_NUCLEO-F401RE\lib_stm\liblibraries.a(ucg_rotate.o)
 *fill*         0x080039b2        0x2 
 .text.ucg_dev_rotate180
                0x080039b4      0x100 D:\Projects\lumi-libraries-main\lumi-libraries-main\SDK_1.0.3_NUCLEO-F401RE\lib_stm\liblibraries.a(ucg_rotate.o)
                0x080039b4                ucg_dev_rotate180
 .text.ucg_SetRotate180
                0x08003ab4       0x34 D:\Projects\lumi-libraries-main\lumi-libraries-main\SDK_1.0.3_NUCLEO-F401RE\lib_stm\liblibraries.a(ucg_rotate.o)
                0x08003ab4                ucg_SetRotate180
 .text.bufInit  0x08003ae8       0x36 D:\Projects\lumi-libraries-main\lumi-libraries-main\SDK_1.0.3_NUCLEO-F401RE\lib_stm\liblibraries.a(buff.o)
                0x08003ae8                bufInit
 .text.bufNumItems
                0x08003b1e       0x18 D:\Projects\lumi-libraries-main\lumi-libraries-main\SDK_1.0.3_NUCLEO-F401RE\lib_stm\liblibraries.a(buff.o)
                0x08003b1e                bufNumItems
 .text.bufIsFull
                0x08003b36       0x26 D:\Projects\lumi-libraries-main\lumi-libraries-main\SDK_1.0.3_NUCLEO-F401RE\lib_stm\liblibraries.a(buff.o)
                0x08003b36                bufIsFull
 .text.bufIsEmpty
                0x08003b5c       0x26 D:\Projects\lumi-libraries-main\lumi-libraries-main\SDK_1.0.3_NUCLEO-F401RE\lib_stm\liblibraries.a(buff.o)
                0x08003b5c                bufIsEmpty
 .text.bufFlush
                0x08003b82       0x32 D:\Projects\lumi-libraries-main\lumi-libraries-main\SDK_1.0.3_NUCLEO-F401RE\lib_stm\liblibraries.a(buff.o)
                0x08003b82                bufFlush
 .text.bufEnDat
                0x08003bb4       0x9c D:\Projects\lumi-libraries-main\lumi-libraries-main\SDK_1.0.3_NUCLEO-F401RE\lib_stm\liblibraries.a(buff.o)
                0x08003bb4                bufEnDat
 .text.bufDeDat
                0x08003c50       0x84 D:\Projects\lumi-libraries-main\lumi-libraries-main\SDK_1.0.3_NUCLEO-F401RE\lib_stm\liblibraries.a(buff.o)
                0x08003c50                bufDeDat
 .text.memsetl  0x08003cd4       0x32 D:\Projects\lumi-libraries-main\lumi-libraries-main\SDK_1.0.3_NUCLEO-F401RE\lib_stm\liblibraries.a(utilities.o)
                0x08003cd4                memsetl
 .text.ucg_clip_is_x_visible
                0x08003d06       0x4a D:\Projects\lumi-libraries-main\lumi-libraries-main\SDK_1.0.3_NUCLEO-F401RE\lib_stm\liblibraries.a(ucg_clip.o)
 .text.ucg_clip_is_y_visible
                0x08003d50       0x4a D:\Projects\lumi-libraries-main\lumi-libraries-main\SDK_1.0.3_NUCLEO-F401RE\lib_stm\liblibraries.a(ucg_clip.o)
 .text.ucg_clip_intersection
                0x08003d9a       0x74 D:\Projects\lumi-libraries-main\lumi-libraries-main\SDK_1.0.3_NUCLEO-F401RE\lib_stm\liblibraries.a(ucg_clip.o)
 .text.ucg_clip_is_pixel_visible
                0x08003e0e       0x32 D:\Projects\lumi-libraries-main\lumi-libraries-main\SDK_1.0.3_NUCLEO-F401RE\lib_stm\liblibraries.a(ucg_clip.o)
                0x08003e0e                ucg_clip_is_pixel_visible
 .text.ucg_clip_l90fx
                0x08003e40      0x300 D:\Projects\lumi-libraries-main\lumi-libraries-main\SDK_1.0.3_NUCLEO-F401RE\lib_stm\liblibraries.a(ucg_clip.o)
                0x08003e40                ucg_clip_l90fx
 .text.ucg_clip_l90se
                0x08004140       0x54 D:\Projects\lumi-libraries-main\lumi-libraries-main\SDK_1.0.3_NUCLEO-F401RE\lib_stm\liblibraries.a(ucg_clip.o)
                0x08004140                ucg_clip_l90se
 .text.ucg_com_PowerDown
                0x08004194       0x3e D:\Projects\lumi-libraries-main\lumi-libraries-main\SDK_1.0.3_NUCLEO-F401RE\lib_stm\liblibraries.a(ucg_com_msg_api.o)
                0x08004194                ucg_com_PowerDown
 .text.ucg_com_PowerUp
                0x080041d2       0x60 D:\Projects\lumi-libraries-main\lumi-libraries-main\SDK_1.0.3_NUCLEO-F401RE\lib_stm\liblibraries.a(ucg_com_msg_api.o)
                0x080041d2                ucg_com_PowerUp
 .text.ucg_com_SetLineStatus
                0x08004232       0xe2 D:\Projects\lumi-libraries-main\lumi-libraries-main\SDK_1.0.3_NUCLEO-F401RE\lib_stm\liblibraries.a(ucg_com_msg_api.o)
                0x08004232                ucg_com_SetLineStatus
 .text.ucg_com_SetResetLineStatus
                0x08004314       0x20 D:\Projects\lumi-libraries-main\lumi-libraries-main\SDK_1.0.3_NUCLEO-F401RE\lib_stm\liblibraries.a(ucg_com_msg_api.o)
                0x08004314                ucg_com_SetResetLineStatus
 .text.ucg_com_SetCSLineStatus
                0x08004334       0x20 D:\Projects\lumi-libraries-main\lumi-libraries-main\SDK_1.0.3_NUCLEO-F401RE\lib_stm\liblibraries.a(ucg_com_msg_api.o)
                0x08004334                ucg_com_SetCSLineStatus
 .text.ucg_com_SetCDLineStatus
                0x08004354       0x20 D:\Projects\lumi-libraries-main\lumi-libraries-main\SDK_1.0.3_NUCLEO-F401RE\lib_stm\liblibraries.a(ucg_com_msg_api.o)
                0x08004354                ucg_com_SetCDLineStatus
 .text.ucg_com_DelayMicroseconds
                0x08004374       0x22 D:\Projects\lumi-libraries-main\lumi-libraries-main\SDK_1.0.3_NUCLEO-F401RE\lib_stm\liblibraries.a(ucg_com_msg_api.o)
                0x08004374                ucg_com_DelayMicroseconds
 .text.ucg_com_DelayMilliseconds
                0x08004396       0x2c D:\Projects\lumi-libraries-main\lumi-libraries-main\SDK_1.0.3_NUCLEO-F401RE\lib_stm\liblibraries.a(ucg_com_msg_api.o)
                0x08004396                ucg_com_DelayMilliseconds
 .text.ucg_com_SendByte
                0x080043c2       0x24 D:\Projects\lumi-libraries-main\lumi-libraries-main\SDK_1.0.3_NUCLEO-F401RE\lib_stm\liblibraries.a(ucg_com_msg_api.o)
                0x080043c2                ucg_com_SendByte
 .text.ucg_com_SendStringP
                0x080043e6       0x40 D:\Projects\lumi-libraries-main\lumi-libraries-main\SDK_1.0.3_NUCLEO-F401RE\lib_stm\liblibraries.a(ucg_com_msg_api.o)
                0x080043e6                ucg_com_SendStringP
 .text.ucg_com_SendCmdArg
                0x08004426       0x74 D:\Projects\lumi-libraries-main\lumi-libraries-main\SDK_1.0.3_NUCLEO-F401RE\lib_stm\liblibraries.a(ucg_com_msg_api.o)
 *fill*         0x0800449a        0x2 
 .text.ucg_com_SendCmdSeq
                0x0800449c      0x278 D:\Projects\lumi-libraries-main\lumi-libraries-main\SDK_1.0.3_NUCLEO-F401RE\lib_stm\liblibraries.a(ucg_com_msg_api.o)
                0x0800449c                ucg_com_SendCmdSeq
 .text.__libc_init_array
                0x08004714       0x48 C:/ST/STM32CubeIDE_1.19.0/STM32CubeIDE/plugins/com.st.stm32cube.ide.mcu.externaltools.gnu-tools-for-stm32.13.3.rel1.win32_1.0.0.202411081344/tools/bin/../lib/gcc/arm-none-eabi/13.3.1/../../../../arm-none-eabi/lib/thumb/v7e-m+fp/hard\libc_nano.a(libc_a-init.o)
                0x08004714                __libc_init_array
 .text.memcpy   0x0800475c       0x1c C:/ST/STM32CubeIDE_1.19.0/STM32CubeIDE/plugins/com.st.stm32cube.ide.mcu.externaltools.gnu-tools-for-stm32.13.3.rel1.win32_1.0.0.202411081344/tools/bin/../lib/gcc/arm-none-eabi/13.3.1/../../../../arm-none-eabi/lib/thumb/v7e-m+fp/hard\libc_nano.a(libc_a-memcpy-stub.o)
                0x0800475c                memcpy
 *(.glue_7)
 .glue_7        0x08004778        0x0 linker stubs
 *(.glue_7t)
 .glue_7t       0x08004778        0x0 linker stubs
 *(.eh_frame)
 .eh_frame      0x08004778        0x0 C:/ST/STM32CubeIDE_1.19.0/STM32CubeIDE/plugins/com.st.stm32cube.ide.mcu.externaltools.gnu-tools-for-stm32.13.3.rel1.win32_1.0.0.202411081344/tools/bin/../lib/gcc/arm-none-eabi/13.3.1/thumb/v7e-m+fp/hard/crtbegin.o
 *(.init)
 .init          0x08004778        0x4 C:/ST/STM32CubeIDE_1.19.0/STM32CubeIDE/plugins/com.st.stm32cube.ide.mcu.externaltools.gnu-tools-for-stm32.13.3.rel1.win32_1.0.0.202411081344/tools/bin/../lib/gcc/arm-none-eabi/13.3.1/thumb/v7e-m+fp/hard/crti.o
                0x08004778                _init
 .init          0x0800477c        0x8 C:/ST/STM32CubeIDE_1.19.0/STM32CubeIDE/plugins/com.st.stm32cube.ide.mcu.externaltools.gnu-tools-for-stm32.13.3.rel1.win32_1.0.0.202411081344/tools/bin/../lib/gcc/arm-none-eabi/13.3.1/thumb/v7e-m+fp/hard/crtn.o
 *(.fini)
 .fini          0x08004784        0x4 C:/ST/STM32CubeIDE_1.19.0/STM32CubeIDE/plugins/com.st.stm32cube.ide.mcu.externaltools.gnu-tools-for-stm32.13.3.rel1.win32_1.0.0.202411081344/tools/bin/../lib/gcc/arm-none-eabi/13.3.1/thumb/v7e-m+fp/hard/crti.o
                0x08004784                _fini
 .fini          0x08004788        0x8 C:/ST/STM32CubeIDE_1.19.0/STM32CubeIDE/plugins/com.st.stm32cube.ide.mcu.externaltools.gnu-tools-for-stm32.13.3.rel1.win32_1.0.0.202411081344/tools/bin/../lib/gcc/arm-none-eabi/13.3.1/thumb/v7e-m+fp/hard/crtn.o
                0x08004790                        . = ALIGN (0x4)
                0x08004790                        _etext = .

.vfp11_veneer   0x08004790        0x0
 .vfp11_veneer  0x08004790        0x0 linker stubs

.v4_bx          0x08004790        0x0
 .v4_bx         0x08004790        0x0 linker stubs

.iplt           0x08004790        0x0
 .iplt          0x08004790        0x0 C:/ST/STM32CubeIDE_1.19.0/STM32CubeIDE/plugins/com.st.stm32cube.ide.mcu.externaltools.gnu-tools-for-stm32.13.3.rel1.win32_1.0.0.202411081344/tools/bin/../lib/gcc/arm-none-eabi/13.3.1/thumb/v7e-m+fp/hard/crtbegin.o

.rodata         0x08004790      0x81c
                0x08004790                        . = ALIGN (0x4)
 *(.rodata)
 .rodata        0x08004790        0xd ./Src/main.o
 *fill*         0x0800479d        0x3 
 .rodata        0x080047a0        0xf D:\Projects\lumi-libraries-main\lumi-libraries-main\SDK_1.0.3_NUCLEO-F401RE\lib_stm\liblibraries.a(ucg_font.o)
 *(.rodata*)
 *fill*         0x080047af        0x1 
 .rodata.ucg_st7735_set_pos_seq
                0x080047b0       0x1e D:\Projects\lumi-libraries-main\lumi-libraries-main\SDK_1.0.3_NUCLEO-F401RE\lib_stm\liblibraries.a(ucg_dev_ic_st7735.o)
                0x080047b0                ucg_st7735_set_pos_seq
 *fill*         0x080047ce        0x2 
 .rodata.ucg_st7735_set_pos_dir0_seq
                0x080047d0       0x1e D:\Projects\lumi-libraries-main\lumi-libraries-main\SDK_1.0.3_NUCLEO-F401RE\lib_stm\liblibraries.a(ucg_dev_ic_st7735.o)
                0x080047d0                ucg_st7735_set_pos_dir0_seq
 *fill*         0x080047ee        0x2 
 .rodata.ucg_st7735_set_pos_dir1_seq
                0x080047f0       0x21 D:\Projects\lumi-libraries-main\lumi-libraries-main\SDK_1.0.3_NUCLEO-F401RE\lib_stm\liblibraries.a(ucg_dev_ic_st7735.o)
                0x080047f0                ucg_st7735_set_pos_dir1_seq
 *fill*         0x08004811        0x3 
 .rodata.ucg_st7735_set_pos_dir2_seq
                0x08004814       0x21 D:\Projects\lumi-libraries-main\lumi-libraries-main\SDK_1.0.3_NUCLEO-F401RE\lib_stm\liblibraries.a(ucg_dev_ic_st7735.o)
                0x08004814                ucg_st7735_set_pos_dir2_seq
 *fill*         0x08004835        0x3 
 .rodata.ucg_st7735_set_pos_dir3_seq
                0x08004838       0x24 D:\Projects\lumi-libraries-main\lumi-libraries-main\SDK_1.0.3_NUCLEO-F401RE\lib_stm\liblibraries.a(ucg_dev_ic_st7735.o)
                0x08004838                ucg_st7735_set_pos_dir3_seq
 .rodata.ucg_st7735_power_down_seq
                0x0800485c        0x7 D:\Projects\lumi-libraries-main\lumi-libraries-main\SDK_1.0.3_NUCLEO-F401RE\lib_stm\liblibraries.a(ucg_dev_ic_st7735.o)
 *fill*         0x08004863        0x1 
 .rodata.ucg_tft_128x160_st7735_init_seq
                0x08004864       0x2c D:\Projects\lumi-libraries-main\lumi-libraries-main\SDK_1.0.3_NUCLEO-F401RE\lib_stm\liblibraries.a(ucg_dev_tft_128x128_st7735.o)
 .rodata.ucg_font_ncenR10_hr
                0x08004890      0x719 D:\Projects\lumi-libraries-main\lumi-libraries-main\SDK_1.0.3_NUCLEO-F401RE\lib_stm\liblibraries.a(ucg_pixel_font_data.o)
                0x08004890                ucg_font_ncenR10_hr
                0x08004fac                        . = ALIGN (0x4)
 *fill*         0x08004fa9        0x3 

.ARM.extab      0x08004fac        0x0
                0x08004fac                        . = ALIGN (0x4)
 *(.ARM.extab* .gnu.linkonce.armextab.*)
                0x08004fac                        . = ALIGN (0x4)

.ARM            0x08004fac        0x0
                0x08004fac                        . = ALIGN (0x4)
                0x08004fac                        __exidx_start = .
 *(.ARM.exidx*)
                0x08004fac                        __exidx_end = .
                0x08004fac                        . = ALIGN (0x4)

.preinit_array  0x08004fac        0x0
                0x08004fac                        . = ALIGN (0x4)
                0x08004fac                        PROVIDE (__preinit_array_start = .)
 *(.preinit_array*)
                0x08004fac                        PROVIDE (__preinit_array_end = .)
                0x08004fac                        . = ALIGN (0x4)

.init_array     0x08004fac        0x4
                0x08004fac                        . = ALIGN (0x4)
                0x08004fac                        PROVIDE (__init_array_start = .)
 *(SORT_BY_NAME(.init_array.*))
 *(.init_array*)
 .init_array    0x08004fac        0x4 C:/ST/STM32CubeIDE_1.19.0/STM32CubeIDE/plugins/com.st.stm32cube.ide.mcu.externaltools.gnu-tools-for-stm32.13.3.rel1.win32_1.0.0.202411081344/tools/bin/../lib/gcc/arm-none-eabi/13.3.1/thumb/v7e-m+fp/hard/crtbegin.o
                0x08004fb0                        PROVIDE (__init_array_end = .)
                0x08004fb0                        . = ALIGN (0x4)

.fini_array     0x08004fb0        0x4
                0x08004fb0                        . = ALIGN (0x4)
                [!provide]                        PROVIDE (__fini_array_start = .)
 *(SORT_BY_NAME(.fini_array.*))
 *(.fini_array*)
 .fini_array    0x08004fb0        0x4 C:/ST/STM32CubeIDE_1.19.0/STM32CubeIDE/plugins/com.st.stm32cube.ide.mcu.externaltools.gnu-tools-for-stm32.13.3.rel1.win32_1.0.0.202411081344/tools/bin/../lib/gcc/arm-none-eabi/13.3.1/thumb/v7e-m+fp/hard/crtbegin.o
                [!provide]                        PROVIDE (__fini_array_end = .)
                0x08004fb4                        . = ALIGN (0x4)
                0x08004fb4                        _sidata = LOADADDR (.data)

.rel.dyn        0x08004fb4        0x0
 .rel.iplt      0x08004fb4        0x0 C:/ST/STM32CubeIDE_1.19.0/STM32CubeIDE/plugins/com.st.stm32cube.ide.mcu.externaltools.gnu-tools-for-stm32.13.3.rel1.win32_1.0.0.202411081344/tools/bin/../lib/gcc/arm-none-eabi/13.3.1/thumb/v7e-m+fp/hard/crtbegin.o

.data           0x20000000       0x28 load address 0x08004fb4
                0x20000000                        . = ALIGN (0x4)
                0x20000000                        _sdata = .
 *(.data)
 *(.data*)
 .data.SystemCoreClock
                0x20000000        0x4 D:\Projects\lumi-libraries-main\lumi-libraries-main\SDK_1.0.3_NUCLEO-F401RE\lib_stm\liblibraries.a(system_stm32f4xx.o)
                0x20000000                SystemCoreClock
 .data.AHBPrescTable
                0x20000004       0x10 D:\Projects\lumi-libraries-main\lumi-libraries-main\SDK_1.0.3_NUCLEO-F401RE\lib_stm\liblibraries.a(system_stm32f4xx.o)
                0x20000004                AHBPrescTable
 .data.APBAHBPrescTable
                0x20000014       0x10 D:\Projects\lumi-libraries-main\lumi-libraries-main\SDK_1.0.3_NUCLEO-F401RE\lib_stm\liblibraries.a(stm32f401re_rcc.o)
 .data.idTaskScanDecodeLen
                0x20000024        0x1 D:\Projects\lumi-libraries-main\lumi-libraries-main\SDK_1.0.3_NUCLEO-F401RE\lib_stm\liblibraries.a(ucg_font.o)
 *(.RamFunc)
 *(.RamFunc*)
                0x20000028                        . = ALIGN (0x4)
 *fill*         0x20000025        0x3 
                0x20000028                        _edata = .

.igot.plt       0x20000028        0x0 load address 0x08004fdc
 .igot.plt      0x20000028        0x0 C:/ST/STM32CubeIDE_1.19.0/STM32CubeIDE/plugins/com.st.stm32cube.ide.mcu.externaltools.gnu-tools-for-stm32.13.3.rel1.win32_1.0.0.202411081344/tools/bin/../lib/gcc/arm-none-eabi/13.3.1/thumb/v7e-m+fp/hard/crtbegin.o
                0x20000028                        . = ALIGN (0x4)

.bss            0x20000028     0x1458 load address 0x08004fdc
                0x20000028                        _sbss = .
                0x20000028                        __bss_start__ = _sbss
 *(.bss)
 .bss           0x20000028       0x1c C:/ST/STM32CubeIDE_1.19.0/STM32CubeIDE/plugins/com.st.stm32cube.ide.mcu.externaltools.gnu-tools-for-stm32.13.3.rel1.win32_1.0.0.202411081344/tools/bin/../lib/gcc/arm-none-eabi/13.3.1/thumb/v7e-m+fp/hard/crtbegin.o
 *(.bss*)
 .bss.serialQueueRx
                0x20000044       0x10 ./Src/main.o
 .bss.pBuffDataRx
                0x20000054      0x100 ./Src/main.o
 .bss.byRxBufState
                0x20000154        0x1 ./Src/main.o
 .bss.byIndexRxBuf
                0x20000155        0x1 ./Src/main.o
 .bss.byCheckXorRxBuf
                0x20000156        0x1 ./Src/main.o
 .bss.byRxData  0x20000157        0x1 ./Src/main.o
 .bss.by_RxBuffer
                0x20000158       0x40 ./Src/main.o
                0x20000158                by_RxBuffer
 .bss.ucg       0x20000198       0xb4 ./Src/main.o
 .bss.lcd_text  0x2000024c       0x80 ./Src/main.o
 .bss.txSeq     0x200002cc        0x1 ./Src/main.o
 .bss.led1_set  0x200002cd        0x1 ./Src/main.o
 .bss.led2_set  0x200002ce        0x1 ./Src/main.o
 .bss.buzzer_set
                0x200002cf        0x1 ./Src/main.o
 .bss.time_current.2
                0x200002d0        0x4 ./Src/main.o
 .bss.time_initial.1
                0x200002d4        0x4 ./Src/main.o
 .bss.time_total.0
                0x200002d8        0x4 ./Src/main.o
 .bss.g_pTimerHandle
                0x200002dc      0x180 D:\Projects\lumi-libraries-main\lumi-libraries-main\SDK_1.0.3_NUCLEO-F401RE\lib_stm\liblibraries.a(timer.o)
 .bss.g_wMilSecTickTimer
                0x2000045c        0x4 D:\Projects\lumi-libraries-main\lumi-libraries-main\SDK_1.0.3_NUCLEO-F401RE\lib_stm\liblibraries.a(timer.o)
 .bss.fontQueue
                0x20000460       0x10 D:\Projects\lumi-libraries-main\lumi-libraries-main\SDK_1.0.3_NUCLEO-F401RE\lib_stm\liblibraries.a(ucg_font.o)
 .bss.pQueueFont
                0x20000470     0x1000 D:\Projects\lumi-libraries-main\lumi-libraries-main\SDK_1.0.3_NUCLEO-F401RE\lib_stm\liblibraries.a(ucg_font.o)
 .bss.next.7562
                0x20001470        0x1 D:\Projects\lumi-libraries-main\lumi-libraries-main\SDK_1.0.3_NUCLEO-F401RE\lib_stm\liblibraries.a(ucg_font.o)
 *(COMMON)
 *fill*         0x20001471        0x3 
 COMMON         0x20001474        0xc D:\Projects\lumi-libraries-main\lumi-libraries-main\SDK_1.0.3_NUCLEO-F401RE\lib_stm\liblibraries.a(ucg_font.o)
                0x20001474                ucg_draw_str
                0x20001480                        . = ALIGN (0x4)
                0x20001480                        _ebss = .
                0x20001480                        __bss_end__ = _ebss

._user_heap_stack
                0x20001480      0x600 load address 0x08004fdc
                0x20001480                        . = ALIGN (0x8)
                [!provide]                        PROVIDE (end = .)
                0x20001480                        PROVIDE (_end = .)
                0x20001680                        . = (. + _Min_Heap_Size)
 *fill*         0x20001480      0x200 
                0x20001a80                        . = (. + _Min_Stack_Size)
 *fill*         0x20001680      0x400 
                0x20001a80                        . = ALIGN (0x8)

/DISCARD/
 libc.a(*)
 libm.a(*)
 libgcc.a(*)

.ARM.attributes
                0x00000000       0x30
 *(.ARM.attributes)
 .ARM.attributes
                0x00000000       0x22 C:/ST/STM32CubeIDE_1.19.0/STM32CubeIDE/plugins/com.st.stm32cube.ide.mcu.externaltools.gnu-tools-for-stm32.13.3.rel1.win32_1.0.0.202411081344/tools/bin/../lib/gcc/arm-none-eabi/13.3.1/thumb/v7e-m+fp/hard/crti.o
 .ARM.attributes
                0x00000022       0x34 C:/ST/STM32CubeIDE_1.19.0/STM32CubeIDE/plugins/com.st.stm32cube.ide.mcu.externaltools.gnu-tools-for-stm32.13.3.rel1.win32_1.0.0.202411081344/tools/bin/../lib/gcc/arm-none-eabi/13.3.1/thumb/v7e-m+fp/hard/crtbegin.o
 .ARM.attributes
                0x00000056       0x34 ./Src/main.o
 .ARM.attributes
                0x0000008a       0x21 ./Startup/startup_stm32f401retx.o
 .ARM.attributes
                0x000000ab       0x39 D:\Projects\lumi-libraries-main\lumi-libraries-main\SDK_1.0.3_NUCLEO-F401RE\lib_stm\liblibraries.a(system_stm32f4xx.o)
 .ARM.attributes
                0x000000e4       0x39 D:\Projects\lumi-libraries-main\lumi-libraries-main\SDK_1.0.3_NUCLEO-F401RE\lib_stm\liblibraries.a(misc.o)
 .ARM.attributes
                0x0000011d       0x39 D:\Projects\lumi-libraries-main\lumi-libraries-main\SDK_1.0.3_NUCLEO-F401RE\lib_stm\liblibraries.a(stm32f401re_gpio.o)
 .ARM.attributes
                0x00000156       0x39 D:\Projects\lumi-libraries-main\lumi-libraries-main\SDK_1.0.3_NUCLEO-F401RE\lib_stm\liblibraries.a(stm32f401re_i2c.o)
 .ARM.attributes
                0x0000018f       0x39 D:\Projects\lumi-libraries-main\lumi-libraries-main\SDK_1.0.3_NUCLEO-F401RE\lib_stm\liblibraries.a(stm32f401re_rcc.o)
 .ARM.attributes
                0x000001c8       0x39 D:\Projects\lumi-libraries-main\lumi-libraries-main\SDK_1.0.3_NUCLEO-F401RE\lib_stm\liblibraries.a(stm32f401re_usart.o)
 .ARM.attributes
                0x00000201       0x39 D:\Projects\lumi-libraries-main\lumi-libraries-main\SDK_1.0.3_NUCLEO-F401RE\lib_stm\liblibraries.a(timer.o)
 .ARM.attributes
                0x0000023a       0x39 D:\Projects\lumi-libraries-main\lumi-libraries-main\SDK_1.0.3_NUCLEO-F401RE\lib_stm\liblibraries.a(Ucglib.o)
 .ARM.attributes
                0x00000273       0x39 D:\Projects\lumi-libraries-main\lumi-libraries-main\SDK_1.0.3_NUCLEO-F401RE\lib_stm\liblibraries.a(ucg_box.o)
 .ARM.attributes
                0x000002ac       0x39 D:\Projects\lumi-libraries-main\lumi-libraries-main\SDK_1.0.3_NUCLEO-F401RE\lib_stm\liblibraries.a(ucg_ccs.o)
 .ARM.attributes
                0x000002e5       0x39 D:\Projects\lumi-libraries-main\lumi-libraries-main\SDK_1.0.3_NUCLEO-F401RE\lib_stm\liblibraries.a(ucg_dev_default_cb.o)
 .ARM.attributes
                0x0000031e       0x39 D:\Projects\lumi-libraries-main\lumi-libraries-main\SDK_1.0.3_NUCLEO-F401RE\lib_stm\liblibraries.a(ucg_dev_ic_st7735.o)
 .ARM.attributes
                0x00000357       0x39 D:\Projects\lumi-libraries-main\lumi-libraries-main\SDK_1.0.3_NUCLEO-F401RE\lib_stm\liblibraries.a(ucg_dev_msg_api.o)
 .ARM.attributes
                0x00000390       0x39 D:\Projects\lumi-libraries-main\lumi-libraries-main\SDK_1.0.3_NUCLEO-F401RE\lib_stm\liblibraries.a(ucg_dev_tft_128x128_st7735.o)
 .ARM.attributes
                0x000003c9       0x39 D:\Projects\lumi-libraries-main\lumi-libraries-main\SDK_1.0.3_NUCLEO-F401RE\lib_stm\liblibraries.a(ucg_font.o)
 .ARM.attributes
                0x00000402       0x39 D:\Projects\lumi-libraries-main\lumi-libraries-main\SDK_1.0.3_NUCLEO-F401RE\lib_stm\liblibraries.a(ucg_init.o)
 .ARM.attributes
                0x0000043b       0x39 D:\Projects\lumi-libraries-main\lumi-libraries-main\SDK_1.0.3_NUCLEO-F401RE\lib_stm\liblibraries.a(ucg_line.o)
 .ARM.attributes
                0x00000474       0x39 D:\Projects\lumi-libraries-main\lumi-libraries-main\SDK_1.0.3_NUCLEO-F401RE\lib_stm\liblibraries.a(ucg_pixel.o)
 .ARM.attributes
                0x000004ad       0x39 D:\Projects\lumi-libraries-main\lumi-libraries-main\SDK_1.0.3_NUCLEO-F401RE\lib_stm\liblibraries.a(ucg_pixel_font_data.o)
 .ARM.attributes
                0x000004e6       0x39 D:\Projects\lumi-libraries-main\lumi-libraries-main\SDK_1.0.3_NUCLEO-F401RE\lib_stm\liblibraries.a(ucg_rotate.o)
 .ARM.attributes
                0x0000051f       0x39 D:\Projects\lumi-libraries-main\lumi-libraries-main\SDK_1.0.3_NUCLEO-F401RE\lib_stm\liblibraries.a(buff.o)
 .ARM.attributes
                0x00000558       0x39 D:\Projects\lumi-libraries-main\lumi-libraries-main\SDK_1.0.3_NUCLEO-F401RE\lib_stm\liblibraries.a(utilities.o)
 .ARM.attributes
                0x00000591       0x39 D:\Projects\lumi-libraries-main\lumi-libraries-main\SDK_1.0.3_NUCLEO-F401RE\lib_stm\liblibraries.a(ucg_clip.o)
 .ARM.attributes
                0x000005ca       0x39 D:\Projects\lumi-libraries-main\lumi-libraries-main\SDK_1.0.3_NUCLEO-F401RE\lib_stm\liblibraries.a(ucg_com_msg_api.o)
 .ARM.attributes
                0x00000603       0x34 C:/ST/STM32CubeIDE_1.19.0/STM32CubeIDE/plugins/com.st.stm32cube.ide.mcu.externaltools.gnu-tools-for-stm32.13.3.rel1.win32_1.0.0.202411081344/tools/bin/../lib/gcc/arm-none-eabi/13.3.1/../../../../arm-none-eabi/lib/thumb/v7e-m+fp/hard\libc_nano.a(libc_a-init.o)
 .ARM.attributes
                0x00000637       0x34 C:/ST/STM32CubeIDE_1.19.0/STM32CubeIDE/plugins/com.st.stm32cube.ide.mcu.externaltools.gnu-tools-for-stm32.13.3.rel1.win32_1.0.0.202411081344/tools/bin/../lib/gcc/arm-none-eabi/13.3.1/../../../../arm-none-eabi/lib/thumb/v7e-m+fp/hard\libc_nano.a(libc_a-memcpy-stub.o)
 .ARM.attributes
                0x0000066b       0x22 C:/ST/STM32CubeIDE_1.19.0/STM32CubeIDE/plugins/com.st.stm32cube.ide.mcu.externaltools.gnu-tools-for-stm32.13.3.rel1.win32_1.0.0.202411081344/tools/bin/../lib/gcc/arm-none-eabi/13.3.1/thumb/v7e-m+fp/hard/crtn.o
OUTPUT(IOT303 Assignment 3.elf elf32-littlearm)
LOAD linker stubs
LOAD C:/ST/STM32CubeIDE_1.19.0/STM32CubeIDE/plugins/com.st.stm32cube.ide.mcu.externaltools.gnu-tools-for-stm32.13.3.rel1.win32_1.0.0.202411081344/tools/bin/../lib/gcc/arm-none-eabi/13.3.1/../../../../arm-none-eabi/lib/thumb/v7e-m+fp/hard\libc.a
LOAD C:/ST/STM32CubeIDE_1.19.0/STM32CubeIDE/plugins/com.st.stm32cube.ide.mcu.externaltools.gnu-tools-for-stm32.13.3.rel1.win32_1.0.0.202411081344/tools/bin/../lib/gcc/arm-none-eabi/13.3.1/../../../../arm-none-eabi/lib/thumb/v7e-m+fp/hard\libm.a
LOAD C:/ST/STM32CubeIDE_1.19.0/STM32CubeIDE/plugins/com.st.stm32cube.ide.mcu.externaltools.gnu-tools-for-stm32.13.3.rel1.win32_1.0.0.202411081344/tools/bin/../lib/gcc/arm-none-eabi/13.3.1/thumb/v7e-m+fp/hard\libgcc.a

.debug_info     0x00000000    0x36fbe
 .debug_info    0x00000000     0x1ab1 ./Src/main.o
 .debug_info    0x00001ab1       0x30 ./Startup/startup_stm32f401retx.o
 .debug_info    0x00001ae1      0x5bb D:\Projects\lumi-libraries-main\lumi-libraries-main\SDK_1.0.3_NUCLEO-F401RE\lib_stm\liblibraries.a(system_stm32f4xx.o)
 .debug_info    0x0000209c      0x54b D:\Projects\lumi-libraries-main\lumi-libraries-main\SDK_1.0.3_NUCLEO-F401RE\lib_stm\liblibraries.a(misc.o)
 .debug_info    0x000025e7      0x62b D:\Projects\lumi-libraries-main\lumi-libraries-main\SDK_1.0.3_NUCLEO-F401RE\lib_stm\liblibraries.a(stm32f401re_gpio.o)
 .debug_info    0x00002c12      0xb9e D:\Projects\lumi-libraries-main\lumi-libraries-main\SDK_1.0.3_NUCLEO-F401RE\lib_stm\liblibraries.a(stm32f401re_i2c.o)
 .debug_info    0x000037b0      0xd5e D:\Projects\lumi-libraries-main\lumi-libraries-main\SDK_1.0.3_NUCLEO-F401RE\lib_stm\liblibraries.a(stm32f401re_rcc.o)
 .debug_info    0x0000450e      0x9d4 D:\Projects\lumi-libraries-main\lumi-libraries-main\SDK_1.0.3_NUCLEO-F401RE\lib_stm\liblibraries.a(stm32f401re_usart.o)
 .debug_info    0x00004ee2      0x922 D:\Projects\lumi-libraries-main\lumi-libraries-main\SDK_1.0.3_NUCLEO-F401RE\lib_stm\liblibraries.a(timer.o)
 .debug_info    0x00005804     0x333f D:\Projects\lumi-libraries-main\lumi-libraries-main\SDK_1.0.3_NUCLEO-F401RE\lib_stm\liblibraries.a(Ucglib.o)
 .debug_info    0x00008b43     0x329d D:\Projects\lumi-libraries-main\lumi-libraries-main\SDK_1.0.3_NUCLEO-F401RE\lib_stm\liblibraries.a(ucg_box.o)
 .debug_info    0x0000bde0     0x2b08 D:\Projects\lumi-libraries-main\lumi-libraries-main\SDK_1.0.3_NUCLEO-F401RE\lib_stm\liblibraries.a(ucg_ccs.o)
 .debug_info    0x0000e8e8     0x324b D:\Projects\lumi-libraries-main\lumi-libraries-main\SDK_1.0.3_NUCLEO-F401RE\lib_stm\liblibraries.a(ucg_dev_default_cb.o)
 .debug_info    0x00011b33     0x3272 D:\Projects\lumi-libraries-main\lumi-libraries-main\SDK_1.0.3_NUCLEO-F401RE\lib_stm\liblibraries.a(ucg_dev_ic_st7735.o)
 .debug_info    0x00014da5     0x3178 D:\Projects\lumi-libraries-main\lumi-libraries-main\SDK_1.0.3_NUCLEO-F401RE\lib_stm\liblibraries.a(ucg_dev_msg_api.o)
 .debug_info    0x00017f1d     0x303e D:\Projects\lumi-libraries-main\lumi-libraries-main\SDK_1.0.3_NUCLEO-F401RE\lib_stm\liblibraries.a(ucg_dev_tft_128x128_st7735.o)
 .debug_info    0x0001af5b     0x43ab D:\Projects\lumi-libraries-main\lumi-libraries-main\SDK_1.0.3_NUCLEO-F401RE\lib_stm\liblibraries.a(ucg_font.o)
 .debug_info    0x0001f306     0x3856 D:\Projects\lumi-libraries-main\lumi-libraries-main\SDK_1.0.3_NUCLEO-F401RE\lib_stm\liblibraries.a(ucg_init.o)
 .debug_info    0x00022b5c     0x3222 D:\Projects\lumi-libraries-main\lumi-libraries-main\SDK_1.0.3_NUCLEO-F401RE\lib_stm\liblibraries.a(ucg_line.o)
 .debug_info    0x00025d7e     0x3056 D:\Projects\lumi-libraries-main\lumi-libraries-main\SDK_1.0.3_NUCLEO-F401RE\lib_stm\liblibraries.a(ucg_pixel.o)
 .debug_info    0x00028dd4     0x43df D:\Projects\lumi-libraries-main\lumi-libraries-main\SDK_1.0.3_NUCLEO-F401RE\lib_stm\liblibraries.a(ucg_pixel_font_data.o)
 .debug_info    0x0002d1b3     0x3231 D:\Projects\lumi-libraries-main\lumi-libraries-main\SDK_1.0.3_NUCLEO-F401RE\lib_stm\liblibraries.a(ucg_rotate.o)
 .debug_info    0x000303e4      0x339 D:\Projects\lumi-libraries-main\lumi-libraries-main\SDK_1.0.3_NUCLEO-F401RE\lib_stm\liblibraries.a(buff.o)
 .debug_info    0x0003071d      0x2bd D:\Projects\lumi-libraries-main\lumi-libraries-main\SDK_1.0.3_NUCLEO-F401RE\lib_stm\liblibraries.a(utilities.o)
 .debug_info    0x000309da     0x315a D:\Projects\lumi-libraries-main\lumi-libraries-main\SDK_1.0.3_NUCLEO-F401RE\lib_stm\liblibraries.a(ucg_clip.o)
 .debug_info    0x00033b34     0x348a D:\Projects\lumi-libraries-main\lumi-libraries-main\SDK_1.0.3_NUCLEO-F401RE\lib_stm\liblibraries.a(ucg_com_msg_api.o)

.debug_abbrev   0x00000000     0x29c8
 .debug_abbrev  0x00000000      0x3ce ./Src/main.o
 .debug_abbrev  0x000003ce       0x24 ./Startup/startup_stm32f401retx.o
 .debug_abbrev  0x000003f2      0x138 D:\Projects\lumi-libraries-main\lumi-libraries-main\SDK_1.0.3_NUCLEO-F401RE\lib_stm\liblibraries.a(system_stm32f4xx.o)
 .debug_abbrev  0x0000052a      0x177 D:\Projects\lumi-libraries-main\lumi-libraries-main\SDK_1.0.3_NUCLEO-F401RE\lib_stm\liblibraries.a(misc.o)
 .debug_abbrev  0x000006a1      0x1bf D:\Projects\lumi-libraries-main\lumi-libraries-main\SDK_1.0.3_NUCLEO-F401RE\lib_stm\liblibraries.a(stm32f401re_gpio.o)
 .debug_abbrev  0x00000860      0x196 D:\Projects\lumi-libraries-main\lumi-libraries-main\SDK_1.0.3_NUCLEO-F401RE\lib_stm\liblibraries.a(stm32f401re_i2c.o)
 .debug_abbrev  0x000009f6      0x1d4 D:\Projects\lumi-libraries-main\lumi-libraries-main\SDK_1.0.3_NUCLEO-F401RE\lib_stm\liblibraries.a(stm32f401re_rcc.o)
 .debug_abbrev  0x00000bca      0x187 D:\Projects\lumi-libraries-main\lumi-libraries-main\SDK_1.0.3_NUCLEO-F401RE\lib_stm\liblibraries.a(stm32f401re_usart.o)
 .debug_abbrev  0x00000d51      0x29a D:\Projects\lumi-libraries-main\lumi-libraries-main\SDK_1.0.3_NUCLEO-F401RE\lib_stm\liblibraries.a(timer.o)
 .debug_abbrev  0x00000feb      0x202 D:\Projects\lumi-libraries-main\lumi-libraries-main\SDK_1.0.3_NUCLEO-F401RE\lib_stm\liblibraries.a(Ucglib.o)
 .debug_abbrev  0x000011ed      0x18b D:\Projects\lumi-libraries-main\lumi-libraries-main\SDK_1.0.3_NUCLEO-F401RE\lib_stm\liblibraries.a(ucg_box.o)
 .debug_abbrev  0x00001378       0xf5 D:\Projects\lumi-libraries-main\lumi-libraries-main\SDK_1.0.3_NUCLEO-F401RE\lib_stm\liblibraries.a(ucg_ccs.o)
 .debug_abbrev  0x0000146d      0x19e D:\Projects\lumi-libraries-main\lumi-libraries-main\SDK_1.0.3_NUCLEO-F401RE\lib_stm\liblibraries.a(ucg_dev_default_cb.o)
 .debug_abbrev  0x0000160b      0x1dc D:\Projects\lumi-libraries-main\lumi-libraries-main\SDK_1.0.3_NUCLEO-F401RE\lib_stm\liblibraries.a(ucg_dev_ic_st7735.o)
 .debug_abbrev  0x000017e7      0x191 D:\Projects\lumi-libraries-main\lumi-libraries-main\SDK_1.0.3_NUCLEO-F401RE\lib_stm\liblibraries.a(ucg_dev_msg_api.o)
 .debug_abbrev  0x00001978      0x14e D:\Projects\lumi-libraries-main\lumi-libraries-main\SDK_1.0.3_NUCLEO-F401RE\lib_stm\liblibraries.a(ucg_dev_tft_128x128_st7735.o)
 .debug_abbrev  0x00001ac6      0x2fc D:\Projects\lumi-libraries-main\lumi-libraries-main\SDK_1.0.3_NUCLEO-F401RE\lib_stm\liblibraries.a(ucg_font.o)
 .debug_abbrev  0x00001dc2      0x1c6 D:\Projects\lumi-libraries-main\lumi-libraries-main\SDK_1.0.3_NUCLEO-F401RE\lib_stm\liblibraries.a(ucg_init.o)
 .debug_abbrev  0x00001f88      0x175 D:\Projects\lumi-libraries-main\lumi-libraries-main\SDK_1.0.3_NUCLEO-F401RE\lib_stm\liblibraries.a(ucg_line.o)
 .debug_abbrev  0x000020fd      0x148 D:\Projects\lumi-libraries-main\lumi-libraries-main\SDK_1.0.3_NUCLEO-F401RE\lib_stm\liblibraries.a(ucg_pixel.o)
 .debug_abbrev  0x00002245       0x83 D:\Projects\lumi-libraries-main\lumi-libraries-main\SDK_1.0.3_NUCLEO-F401RE\lib_stm\liblibraries.a(ucg_pixel_font_data.o)
 .debug_abbrev  0x000022c8      0x1a3 D:\Projects\lumi-libraries-main\lumi-libraries-main\SDK_1.0.3_NUCLEO-F401RE\lib_stm\liblibraries.a(ucg_rotate.o)
 .debug_abbrev  0x0000246b      0x12a D:\Projects\lumi-libraries-main\lumi-libraries-main\SDK_1.0.3_NUCLEO-F401RE\lib_stm\liblibraries.a(buff.o)
 .debug_abbrev  0x00002595       0xce D:\Projects\lumi-libraries-main\lumi-libraries-main\SDK_1.0.3_NUCLEO-F401RE\lib_stm\liblibraries.a(utilities.o)
 .debug_abbrev  0x00002663      0x173 D:\Projects\lumi-libraries-main\lumi-libraries-main\SDK_1.0.3_NUCLEO-F401RE\lib_stm\liblibraries.a(ucg_clip.o)
 .debug_abbrev  0x000027d6      0x1f2 D:\Projects\lumi-libraries-main\lumi-libraries-main\SDK_1.0.3_NUCLEO-F401RE\lib_stm\liblibraries.a(ucg_com_msg_api.o)

.debug_aranges  0x00000000      0xc00
 .debug_aranges
                0x00000000       0xd8 ./Src/main.o
 .debug_aranges
                0x000000d8       0x28 ./Startup/startup_stm32f401retx.o
 .debug_aranges
                0x00000100       0x30 D:\Projects\lumi-libraries-main\lumi-libraries-main\SDK_1.0.3_NUCLEO-F401RE\lib_stm\liblibraries.a(system_stm32f4xx.o)
 .debug_aranges
                0x00000130       0x40 D:\Projects\lumi-libraries-main\lumi-libraries-main\SDK_1.0.3_NUCLEO-F401RE\lib_stm\liblibraries.a(misc.o)
 .debug_aranges
                0x00000170       0x88 D:\Projects\lumi-libraries-main\lumi-libraries-main\SDK_1.0.3_NUCLEO-F401RE\lib_stm\liblibraries.a(stm32f401re_gpio.o)
 .debug_aranges
                0x000001f8      0x130 D:\Projects\lumi-libraries-main\lumi-libraries-main\SDK_1.0.3_NUCLEO-F401RE\lib_stm\liblibraries.a(stm32f401re_i2c.o)
 .debug_aranges
                0x00000328      0x198 D:\Projects\lumi-libraries-main\lumi-libraries-main\SDK_1.0.3_NUCLEO-F401RE\lib_stm\liblibraries.a(stm32f401re_rcc.o)
 .debug_aranges
                0x000004c0      0x100 D:\Projects\lumi-libraries-main\lumi-libraries-main\SDK_1.0.3_NUCLEO-F401RE\lib_stm\liblibraries.a(stm32f401re_usart.o)
 .debug_aranges
                0x000005c0       0x70 D:\Projects\lumi-libraries-main\lumi-libraries-main\SDK_1.0.3_NUCLEO-F401RE\lib_stm\liblibraries.a(timer.o)
 .debug_aranges
                0x00000630       0x48 D:\Projects\lumi-libraries-main\lumi-libraries-main\SDK_1.0.3_NUCLEO-F401RE\lib_stm\liblibraries.a(Ucglib.o)
 .debug_aranges
                0x00000678       0x48 D:\Projects\lumi-libraries-main\lumi-libraries-main\SDK_1.0.3_NUCLEO-F401RE\lib_stm\liblibraries.a(ucg_box.o)
 .debug_aranges
                0x000006c0       0x30 D:\Projects\lumi-libraries-main\lumi-libraries-main\SDK_1.0.3_NUCLEO-F401RE\lib_stm\liblibraries.a(ucg_ccs.o)
 .debug_aranges
                0x000006f0       0x48 D:\Projects\lumi-libraries-main\lumi-libraries-main\SDK_1.0.3_NUCLEO-F401RE\lib_stm\liblibraries.a(ucg_dev_default_cb.o)
 .debug_aranges
                0x00000738       0x40 D:\Projects\lumi-libraries-main\lumi-libraries-main\SDK_1.0.3_NUCLEO-F401RE\lib_stm\liblibraries.a(ucg_dev_ic_st7735.o)
 .debug_aranges
                0x00000778       0x60 D:\Projects\lumi-libraries-main\lumi-libraries-main\SDK_1.0.3_NUCLEO-F401RE\lib_stm\liblibraries.a(ucg_dev_msg_api.o)
 .debug_aranges
                0x000007d8       0x20 D:\Projects\lumi-libraries-main\lumi-libraries-main\SDK_1.0.3_NUCLEO-F401RE\lib_stm\liblibraries.a(ucg_dev_tft_128x128_st7735.o)
 .debug_aranges
                0x000007f8      0x168 D:\Projects\lumi-libraries-main\lumi-libraries-main\SDK_1.0.3_NUCLEO-F401RE\lib_stm\liblibraries.a(ucg_font.o)
 .debug_aranges
                0x00000960       0x28 D:\Projects\lumi-libraries-main\lumi-libraries-main\SDK_1.0.3_NUCLEO-F401RE\lib_stm\liblibraries.a(ucg_init.o)
 .debug_aranges
                0x00000988       0x48 D:\Projects\lumi-libraries-main\lumi-libraries-main\SDK_1.0.3_NUCLEO-F401RE\lib_stm\liblibraries.a(ucg_line.o)
 .debug_aranges
                0x000009d0       0x28 D:\Projects\lumi-libraries-main\lumi-libraries-main\SDK_1.0.3_NUCLEO-F401RE\lib_stm\liblibraries.a(ucg_pixel.o)
 .debug_aranges
                0x000009f8       0x18 D:\Projects\lumi-libraries-main\lumi-libraries-main\SDK_1.0.3_NUCLEO-F401RE\lib_stm\liblibraries.a(ucg_pixel_font_data.o)
 .debug_aranges
                0x00000a10       0x68 D:\Projects\lumi-libraries-main\lumi-libraries-main\SDK_1.0.3_NUCLEO-F401RE\lib_stm\liblibraries.a(ucg_rotate.o)
 .debug_aranges
                0x00000a78       0x50 D:\Projects\lumi-libraries-main\lumi-libraries-main\SDK_1.0.3_NUCLEO-F401RE\lib_stm\liblibraries.a(buff.o)
 .debug_aranges
                0x00000ac8       0x48 D:\Projects\lumi-libraries-main\lumi-libraries-main\SDK_1.0.3_NUCLEO-F401RE\lib_stm\liblibraries.a(utilities.o)
 .debug_aranges
                0x00000b10       0x50 D:\Projects\lumi-libraries-main\lumi-libraries-main\SDK_1.0.3_NUCLEO-F401RE\lib_stm\liblibraries.a(ucg_clip.o)
 .debug_aranges
                0x00000b60       0xa0 D:\Projects\lumi-libraries-main\lumi-libraries-main\SDK_1.0.3_NUCLEO-F401RE\lib_stm\liblibraries.a(ucg_com_msg_api.o)

.debug_rnglists
                0x00000000       0xd3
 .debug_rnglists
                0x00000000       0xba ./Src/main.o
 .debug_rnglists
                0x000000ba       0x19 ./Startup/startup_stm32f401retx.o

.debug_macro    0x00000000     0xf857
 .debug_macro   0x00000000      0x3f9 ./Src/main.o
 .debug_macro   0x000003f9      0xae4 ./Src/main.o
 .debug_macro   0x00000edd       0x22 ./Src/main.o
 .debug_macro   0x00000eff       0x8e ./Src/main.o
 .debug_macro   0x00000f8d       0x51 ./Src/main.o
 .debug_macro   0x00000fde      0x103 ./Src/main.o
 .debug_macro   0x000010e1       0x6a ./Src/main.o
 .debug_macro   0x0000114b      0x1df ./Src/main.o
 .debug_macro   0x0000132a       0x61 ./Src/main.o
 .debug_macro   0x0000138b       0x2a ./Src/main.o
 .debug_macro   0x000013b5       0x43 ./Src/main.o
 .debug_macro   0x000013f8       0x34 ./Src/main.o
 .debug_macro   0x0000142c       0x16 ./Src/main.o
 .debug_macro   0x00001442       0x9e ./Src/main.o
 .debug_macro   0x000014e0      0x370 ./Src/main.o
 .debug_macro   0x00001850      0x112 ./Src/main.o
 .debug_macro   0x00001962       0x10 ./Src/main.o
 .debug_macro   0x00001972       0x16 ./Src/main.o
 .debug_macro   0x00001988       0x4a ./Src/main.o
 .debug_macro   0x000019d2       0x34 ./Src/main.o
 .debug_macro   0x00001a06       0x10 ./Src/main.o
 .debug_macro   0x00001a16       0x58 ./Src/main.o
 .debug_macro   0x00001a6e       0x8e ./Src/main.o
 .debug_macro   0x00001afc       0x1c ./Src/main.o
 .debug_macro   0x00001b18      0x185 ./Src/main.o
 .debug_macro   0x00001c9d       0x16 ./Src/main.o
 .debug_macro   0x00001cb3       0x16 ./Src/main.o
 .debug_macro   0x00001cc9      0x146 ./Src/main.o
 .debug_macro   0x00001e0f       0x16 ./Src/main.o
 .debug_macro   0x00001e25       0x3c ./Src/main.o
 .debug_macro   0x00001e61       0x20 ./Src/main.o
 .debug_macro   0x00001e81       0x6b ./Src/main.o
 .debug_macro   0x00001eec       0x3b ./Src/main.o
 .debug_macro   0x00001f27       0x34 ./Src/main.o
 .debug_macro   0x00001f5b       0x26 ./Src/main.o
 .debug_macro   0x00001f81      0xe43 ./Src/main.o
 .debug_macro   0x00002dc4     0x8018 ./Src/main.o
 .debug_macro   0x0000addc      0x64a ./Src/main.o
 .debug_macro   0x0000b426      0x2f4 ./Src/main.o
 .debug_macro   0x0000b71a      0x223 ./Src/main.o
 .debug_macro   0x0000b93d       0x82 ./Src/main.o
 .debug_macro   0x0000b9bf       0x1c ./Src/main.o
 .debug_macro   0x0000b9db       0x22 ./Src/main.o
 .debug_macro   0x0000b9fd       0x88 ./Src/main.o
 .debug_macro   0x0000ba85       0x1c ./Src/main.o
 .debug_macro   0x0000baa1       0x34 ./Src/main.o
 .debug_macro   0x0000bad5       0x7c ./Src/main.o
 .debug_macro   0x0000bb51       0x4f ./Src/main.o
 .debug_macro   0x0000bba0       0xc4 ./Src/main.o
 .debug_macro   0x0000bc64      0x301 ./Src/main.o
 .debug_macro   0x0000bf65      0x170 ./Src/main.o
 .debug_macro   0x0000c0d5      0x2ba ./Src/main.o
 .debug_macro   0x0000c38f       0xce D:\Projects\lumi-libraries-main\lumi-libraries-main\SDK_1.0.3_NUCLEO-F401RE\lib_stm\liblibraries.a(system_stm32f4xx.o)
 .debug_macro   0x0000c45d      0xa66 D:\Projects\lumi-libraries-main\lumi-libraries-main\SDK_1.0.3_NUCLEO-F401RE\lib_stm\liblibraries.a(system_stm32f4xx.o)
 .debug_macro   0x0000cec3       0x22 D:\Projects\lumi-libraries-main\lumi-libraries-main\SDK_1.0.3_NUCLEO-F401RE\lib_stm\liblibraries.a(system_stm32f4xx.o)
 .debug_macro   0x0000cee5       0x8e D:\Projects\lumi-libraries-main\lumi-libraries-main\SDK_1.0.3_NUCLEO-F401RE\lib_stm\liblibraries.a(system_stm32f4xx.o)
 .debug_macro   0x0000cf73       0xef D:\Projects\lumi-libraries-main\lumi-libraries-main\SDK_1.0.3_NUCLEO-F401RE\lib_stm\liblibraries.a(system_stm32f4xx.o)
 .debug_macro   0x0000d062       0xc0 D:\Projects\lumi-libraries-main\lumi-libraries-main\SDK_1.0.3_NUCLEO-F401RE\lib_stm\liblibraries.a(misc.o)
 .debug_macro   0x0000d122       0x7c D:\Projects\lumi-libraries-main\lumi-libraries-main\SDK_1.0.3_NUCLEO-F401RE\lib_stm\liblibraries.a(misc.o)
 .debug_macro   0x0000d19e       0xc3 D:\Projects\lumi-libraries-main\lumi-libraries-main\SDK_1.0.3_NUCLEO-F401RE\lib_stm\liblibraries.a(stm32f401re_gpio.o)
 .debug_macro   0x0000d261      0x2ee D:\Projects\lumi-libraries-main\lumi-libraries-main\SDK_1.0.3_NUCLEO-F401RE\lib_stm\liblibraries.a(stm32f401re_gpio.o)
 .debug_macro   0x0000d54f       0xd5 D:\Projects\lumi-libraries-main\lumi-libraries-main\SDK_1.0.3_NUCLEO-F401RE\lib_stm\liblibraries.a(stm32f401re_i2c.o)
 .debug_macro   0x0000d624      0x2b4 D:\Projects\lumi-libraries-main\lumi-libraries-main\SDK_1.0.3_NUCLEO-F401RE\lib_stm\liblibraries.a(stm32f401re_i2c.o)
 .debug_macro   0x0000d8d8      0x18d D:\Projects\lumi-libraries-main\lumi-libraries-main\SDK_1.0.3_NUCLEO-F401RE\lib_stm\liblibraries.a(stm32f401re_rcc.o)
 .debug_macro   0x0000da65      0x644 D:\Projects\lumi-libraries-main\lumi-libraries-main\SDK_1.0.3_NUCLEO-F401RE\lib_stm\liblibraries.a(stm32f401re_rcc.o)
 .debug_macro   0x0000e0a9       0xdb D:\Projects\lumi-libraries-main\lumi-libraries-main\SDK_1.0.3_NUCLEO-F401RE\lib_stm\liblibraries.a(stm32f401re_usart.o)
 .debug_macro   0x0000e184      0x21d D:\Projects\lumi-libraries-main\lumi-libraries-main\SDK_1.0.3_NUCLEO-F401RE\lib_stm\liblibraries.a(stm32f401re_usart.o)
 .debug_macro   0x0000e3a1       0xe3 D:\Projects\lumi-libraries-main\lumi-libraries-main\SDK_1.0.3_NUCLEO-F401RE\lib_stm\liblibraries.a(timer.o)
 .debug_macro   0x0000e484       0x1c D:\Projects\lumi-libraries-main\lumi-libraries-main\SDK_1.0.3_NUCLEO-F401RE\lib_stm\liblibraries.a(timer.o)
 .debug_macro   0x0000e4a0       0x16 D:\Projects\lumi-libraries-main\lumi-libraries-main\SDK_1.0.3_NUCLEO-F401RE\lib_stm\liblibraries.a(timer.o)
 .debug_macro   0x0000e4b6      0x141 D:\Projects\lumi-libraries-main\lumi-libraries-main\SDK_1.0.3_NUCLEO-F401RE\lib_stm\liblibraries.a(Ucglib.o)
 .debug_macro   0x0000e5f7      0x174 D:\Projects\lumi-libraries-main\lumi-libraries-main\SDK_1.0.3_NUCLEO-F401RE\lib_stm\liblibraries.a(Ucglib.o)
 .debug_macro   0x0000e76b       0x84 D:\Projects\lumi-libraries-main\lumi-libraries-main\SDK_1.0.3_NUCLEO-F401RE\lib_stm\liblibraries.a(ucg_box.o)
 .debug_macro   0x0000e7ef       0x84 D:\Projects\lumi-libraries-main\lumi-libraries-main\SDK_1.0.3_NUCLEO-F401RE\lib_stm\liblibraries.a(ucg_ccs.o)
 .debug_macro   0x0000e873       0x84 D:\Projects\lumi-libraries-main\lumi-libraries-main\SDK_1.0.3_NUCLEO-F401RE\lib_stm\liblibraries.a(ucg_dev_default_cb.o)
 .debug_macro   0x0000e8f7       0x84 D:\Projects\lumi-libraries-main\lumi-libraries-main\SDK_1.0.3_NUCLEO-F401RE\lib_stm\liblibraries.a(ucg_dev_ic_st7735.o)
 .debug_macro   0x0000e97b       0x88 D:\Projects\lumi-libraries-main\lumi-libraries-main\SDK_1.0.3_NUCLEO-F401RE\lib_stm\liblibraries.a(ucg_dev_msg_api.o)
 .debug_macro   0x0000ea03       0x84 D:\Projects\lumi-libraries-main\lumi-libraries-main\SDK_1.0.3_NUCLEO-F401RE\lib_stm\liblibraries.a(ucg_dev_tft_128x128_st7735.o)
 .debug_macro   0x0000ea87      0x15a D:\Projects\lumi-libraries-main\lumi-libraries-main\SDK_1.0.3_NUCLEO-F401RE\lib_stm\liblibraries.a(ucg_font.o)
 .debug_macro   0x0000ebe1       0x46 D:\Projects\lumi-libraries-main\lumi-libraries-main\SDK_1.0.3_NUCLEO-F401RE\lib_stm\liblibraries.a(ucg_font.o)
 .debug_macro   0x0000ec27       0x18 D:\Projects\lumi-libraries-main\lumi-libraries-main\SDK_1.0.3_NUCLEO-F401RE\lib_stm\liblibraries.a(ucg_font.o)
 .debug_macro   0x0000ec3f       0x3c D:\Projects\lumi-libraries-main\lumi-libraries-main\SDK_1.0.3_NUCLEO-F401RE\lib_stm\liblibraries.a(ucg_font.o)
 .debug_macro   0x0000ec7b       0x52 D:\Projects\lumi-libraries-main\lumi-libraries-main\SDK_1.0.3_NUCLEO-F401RE\lib_stm\liblibraries.a(ucg_font.o)
 .debug_macro   0x0000eccd       0x1f D:\Projects\lumi-libraries-main\lumi-libraries-main\SDK_1.0.3_NUCLEO-F401RE\lib_stm\liblibraries.a(ucg_font.o)
 .debug_macro   0x0000ecec       0x43 D:\Projects\lumi-libraries-main\lumi-libraries-main\SDK_1.0.3_NUCLEO-F401RE\lib_stm\liblibraries.a(ucg_font.o)
 .debug_macro   0x0000ed2f       0x20 D:\Projects\lumi-libraries-main\lumi-libraries-main\SDK_1.0.3_NUCLEO-F401RE\lib_stm\liblibraries.a(ucg_font.o)
 .debug_macro   0x0000ed4f      0x1a3 D:\Projects\lumi-libraries-main\lumi-libraries-main\SDK_1.0.3_NUCLEO-F401RE\lib_stm\liblibraries.a(ucg_font.o)
 .debug_macro   0x0000eef2      0x330 D:\Projects\lumi-libraries-main\lumi-libraries-main\SDK_1.0.3_NUCLEO-F401RE\lib_stm\liblibraries.a(ucg_font.o)
 .debug_macro   0x0000f222       0x10 D:\Projects\lumi-libraries-main\lumi-libraries-main\SDK_1.0.3_NUCLEO-F401RE\lib_stm\liblibraries.a(ucg_font.o)
 .debug_macro   0x0000f232       0x35 D:\Projects\lumi-libraries-main\lumi-libraries-main\SDK_1.0.3_NUCLEO-F401RE\lib_stm\liblibraries.a(ucg_font.o)
 .debug_macro   0x0000f267      0x145 D:\Projects\lumi-libraries-main\lumi-libraries-main\SDK_1.0.3_NUCLEO-F401RE\lib_stm\liblibraries.a(ucg_init.o)
 .debug_macro   0x0000f3ac       0x84 D:\Projects\lumi-libraries-main\lumi-libraries-main\SDK_1.0.3_NUCLEO-F401RE\lib_stm\liblibraries.a(ucg_line.o)
 .debug_macro   0x0000f430       0x84 D:\Projects\lumi-libraries-main\lumi-libraries-main\SDK_1.0.3_NUCLEO-F401RE\lib_stm\liblibraries.a(ucg_pixel.o)
 .debug_macro   0x0000f4b4       0x84 D:\Projects\lumi-libraries-main\lumi-libraries-main\SDK_1.0.3_NUCLEO-F401RE\lib_stm\liblibraries.a(ucg_pixel_font_data.o)
 .debug_macro   0x0000f538       0xbd D:\Projects\lumi-libraries-main\lumi-libraries-main\SDK_1.0.3_NUCLEO-F401RE\lib_stm\liblibraries.a(ucg_rotate.o)
 .debug_macro   0x0000f5f5       0xc2 D:\Projects\lumi-libraries-main\lumi-libraries-main\SDK_1.0.3_NUCLEO-F401RE\lib_stm\liblibraries.a(buff.o)
 .debug_macro   0x0000f6b7       0x16 D:\Projects\lumi-libraries-main\lumi-libraries-main\SDK_1.0.3_NUCLEO-F401RE\lib_stm\liblibraries.a(buff.o)
 .debug_macro   0x0000f6cd       0x72 D:\Projects\lumi-libraries-main\lumi-libraries-main\SDK_1.0.3_NUCLEO-F401RE\lib_stm\liblibraries.a(utilities.o)
 .debug_macro   0x0000f73f       0x10 D:\Projects\lumi-libraries-main\lumi-libraries-main\SDK_1.0.3_NUCLEO-F401RE\lib_stm\liblibraries.a(utilities.o)
 .debug_macro   0x0000f74f       0x84 D:\Projects\lumi-libraries-main\lumi-libraries-main\SDK_1.0.3_NUCLEO-F401RE\lib_stm\liblibraries.a(ucg_clip.o)
 .debug_macro   0x0000f7d3       0x84 D:\Projects\lumi-libraries-main\lumi-libraries-main\SDK_1.0.3_NUCLEO-F401RE\lib_stm\liblibraries.a(ucg_com_msg_api.o)

.debug_line     0x00000000     0x97ee
 .debug_line    0x00000000     0x11ff ./Src/main.o
 .debug_line    0x000011ff       0x7b ./Startup/startup_stm32f401retx.o
 .debug_line    0x0000127a      0x4a0 D:\Projects\lumi-libraries-main\lumi-libraries-main\SDK_1.0.3_NUCLEO-F401RE\lib_stm\liblibraries.a(system_stm32f4xx.o)
 .debug_line    0x0000171a      0x515 D:\Projects\lumi-libraries-main\lumi-libraries-main\SDK_1.0.3_NUCLEO-F401RE\lib_stm\liblibraries.a(misc.o)
 .debug_line    0x00001c2f      0x65e D:\Projects\lumi-libraries-main\lumi-libraries-main\SDK_1.0.3_NUCLEO-F401RE\lib_stm\liblibraries.a(stm32f401re_gpio.o)
 .debug_line    0x0000228d      0x7f1 D:\Projects\lumi-libraries-main\lumi-libraries-main\SDK_1.0.3_NUCLEO-F401RE\lib_stm\liblibraries.a(stm32f401re_i2c.o)
 .debug_line    0x00002a7e      0x8d2 D:\Projects\lumi-libraries-main\lumi-libraries-main\SDK_1.0.3_NUCLEO-F401RE\lib_stm\liblibraries.a(stm32f401re_rcc.o)
 .debug_line    0x00003350      0x7a5 D:\Projects\lumi-libraries-main\lumi-libraries-main\SDK_1.0.3_NUCLEO-F401RE\lib_stm\liblibraries.a(stm32f401re_usart.o)
 .debug_line    0x00003af5      0x684 D:\Projects\lumi-libraries-main\lumi-libraries-main\SDK_1.0.3_NUCLEO-F401RE\lib_stm\liblibraries.a(timer.o)
 .debug_line    0x00004179      0x5cd D:\Projects\lumi-libraries-main\lumi-libraries-main\SDK_1.0.3_NUCLEO-F401RE\lib_stm\liblibraries.a(Ucglib.o)
 .debug_line    0x00004746      0x4c6 D:\Projects\lumi-libraries-main\lumi-libraries-main\SDK_1.0.3_NUCLEO-F401RE\lib_stm\liblibraries.a(ucg_box.o)
 .debug_line    0x00004c0c      0x420 D:\Projects\lumi-libraries-main\lumi-libraries-main\SDK_1.0.3_NUCLEO-F401RE\lib_stm\liblibraries.a(ucg_ccs.o)
 .debug_line    0x0000502c      0x521 D:\Projects\lumi-libraries-main\lumi-libraries-main\SDK_1.0.3_NUCLEO-F401RE\lib_stm\liblibraries.a(ucg_dev_default_cb.o)
 .debug_line    0x0000554d      0x512 D:\Projects\lumi-libraries-main\lumi-libraries-main\SDK_1.0.3_NUCLEO-F401RE\lib_stm\liblibraries.a(ucg_dev_ic_st7735.o)
 .debug_line    0x00005a5f      0x48a D:\Projects\lumi-libraries-main\lumi-libraries-main\SDK_1.0.3_NUCLEO-F401RE\lib_stm\liblibraries.a(ucg_dev_msg_api.o)
 .debug_line    0x00005ee9      0x403 D:\Projects\lumi-libraries-main\lumi-libraries-main\SDK_1.0.3_NUCLEO-F401RE\lib_stm\liblibraries.a(ucg_dev_tft_128x128_st7735.o)
 .debug_line    0x000062ec      0x971 D:\Projects\lumi-libraries-main\lumi-libraries-main\SDK_1.0.3_NUCLEO-F401RE\lib_stm\liblibraries.a(ucg_font.o)
 .debug_line    0x00006c5d      0x55c D:\Projects\lumi-libraries-main\lumi-libraries-main\SDK_1.0.3_NUCLEO-F401RE\lib_stm\liblibraries.a(ucg_init.o)
 .debug_line    0x000071b9      0x498 D:\Projects\lumi-libraries-main\lumi-libraries-main\SDK_1.0.3_NUCLEO-F401RE\lib_stm\liblibraries.a(ucg_line.o)
 .debug_line    0x00007651      0x400 D:\Projects\lumi-libraries-main\lumi-libraries-main\SDK_1.0.3_NUCLEO-F401RE\lib_stm\liblibraries.a(ucg_pixel.o)
 .debug_line    0x00007a51      0x3e1 D:\Projects\lumi-libraries-main\lumi-libraries-main\SDK_1.0.3_NUCLEO-F401RE\lib_stm\liblibraries.a(ucg_pixel_font_data.o)
 .debug_line    0x00007e32      0x5d4 D:\Projects\lumi-libraries-main\lumi-libraries-main\SDK_1.0.3_NUCLEO-F401RE\lib_stm\liblibraries.a(ucg_rotate.o)
 .debug_line    0x00008406      0x532 D:\Projects\lumi-libraries-main\lumi-libraries-main\SDK_1.0.3_NUCLEO-F401RE\lib_stm\liblibraries.a(buff.o)
 .debug_line    0x00008938      0x46f D:\Projects\lumi-libraries-main\lumi-libraries-main\SDK_1.0.3_NUCLEO-F401RE\lib_stm\liblibraries.a(utilities.o)
 .debug_line    0x00008da7      0x4c1 D:\Projects\lumi-libraries-main\lumi-libraries-main\SDK_1.0.3_NUCLEO-F401RE\lib_stm\liblibraries.a(ucg_clip.o)
 .debug_line    0x00009268      0x586 D:\Projects\lumi-libraries-main\lumi-libraries-main\SDK_1.0.3_NUCLEO-F401RE\lib_stm\liblibraries.a(ucg_com_msg_api.o)

.debug_str      0x00000000    0x4cc35
 .debug_str     0x00000000    0x4cc35 ./Src/main.o
                              0x453b0 (size before relaxing)
 .debug_str     0x0004cc35       0x6d ./Startup/startup_stm32f401retx.o
 .debug_str     0x0004cc35    0x3583e D:\Projects\lumi-libraries-main\lumi-libraries-main\SDK_1.0.3_NUCLEO-F401RE\lib_stm\liblibraries.a(system_stm32f4xx.o)
 .debug_str     0x0004cc35    0x35d12 D:\Projects\lumi-libraries-main\lumi-libraries-main\SDK_1.0.3_NUCLEO-F401RE\lib_stm\liblibraries.a(misc.o)
 .debug_str     0x0004cc35    0x3a690 D:\Projects\lumi-libraries-main\lumi-libraries-main\SDK_1.0.3_NUCLEO-F401RE\lib_stm\liblibraries.a(stm32f401re_gpio.o)
 .debug_str     0x0004cc35    0x3af28 D:\Projects\lumi-libraries-main\lumi-libraries-main\SDK_1.0.3_NUCLEO-F401RE\lib_stm\liblibraries.a(stm32f401re_i2c.o)
 .debug_str     0x0004cc35    0x39aa1 D:\Projects\lumi-libraries-main\lumi-libraries-main\SDK_1.0.3_NUCLEO-F401RE\lib_stm\liblibraries.a(stm32f401re_rcc.o)
 .debug_str     0x0004cc35    0x3a79e D:\Projects\lumi-libraries-main\lumi-libraries-main\SDK_1.0.3_NUCLEO-F401RE\lib_stm\liblibraries.a(stm32f401re_usart.o)
 .debug_str     0x0004cc35    0x39451 D:\Projects\lumi-libraries-main\lumi-libraries-main\SDK_1.0.3_NUCLEO-F401RE\lib_stm\liblibraries.a(timer.o)
 .debug_str     0x0004cc35    0x4067c D:\Projects\lumi-libraries-main\lumi-libraries-main\SDK_1.0.3_NUCLEO-F401RE\lib_stm\liblibraries.a(Ucglib.o)
 .debug_str     0x0004cc35     0x9c13 D:\Projects\lumi-libraries-main\lumi-libraries-main\SDK_1.0.3_NUCLEO-F401RE\lib_stm\liblibraries.a(ucg_box.o)
 .debug_str     0x0004cc35     0x97ef D:\Projects\lumi-libraries-main\lumi-libraries-main\SDK_1.0.3_NUCLEO-F401RE\lib_stm\liblibraries.a(ucg_ccs.o)
 .debug_str     0x0004cc35     0x9c41 D:\Projects\lumi-libraries-main\lumi-libraries-main\SDK_1.0.3_NUCLEO-F401RE\lib_stm\liblibraries.a(ucg_dev_default_cb.o)
 .debug_str     0x0004cc35     0x9ce5 D:\Projects\lumi-libraries-main\lumi-libraries-main\SDK_1.0.3_NUCLEO-F401RE\lib_stm\liblibraries.a(ucg_dev_ic_st7735.o)
 .debug_str     0x0004cc35     0x9c5b D:\Projects\lumi-libraries-main\lumi-libraries-main\SDK_1.0.3_NUCLEO-F401RE\lib_stm\liblibraries.a(ucg_dev_msg_api.o)
 .debug_str     0x0004cc35     0x9c0a D:\Projects\lumi-libraries-main\lumi-libraries-main\SDK_1.0.3_NUCLEO-F401RE\lib_stm\liblibraries.a(ucg_dev_tft_128x128_st7735.o)
 .debug_str     0x0004cc35     0xd07e D:\Projects\lumi-libraries-main\lumi-libraries-main\SDK_1.0.3_NUCLEO-F401RE\lib_stm\liblibraries.a(ucg_font.o)
 .debug_str     0x0004cc35     0xcb75 D:\Projects\lumi-libraries-main\lumi-libraries-main\SDK_1.0.3_NUCLEO-F401RE\lib_stm\liblibraries.a(ucg_init.o)
 .debug_str     0x0004cc35     0x9c1a D:\Projects\lumi-libraries-main\lumi-libraries-main\SDK_1.0.3_NUCLEO-F401RE\lib_stm\liblibraries.a(ucg_line.o)
 .debug_str     0x0004cc35     0x9bc5 D:\Projects\lumi-libraries-main\lumi-libraries-main\SDK_1.0.3_NUCLEO-F401RE\lib_stm\liblibraries.a(ucg_pixel.o)
 .debug_str     0x0004cc35     0x9785 D:\Projects\lumi-libraries-main\lumi-libraries-main\SDK_1.0.3_NUCLEO-F401RE\lib_stm\liblibraries.a(ucg_pixel_font_data.o)
 .debug_str     0x0004cc35     0x9fb3 D:\Projects\lumi-libraries-main\lumi-libraries-main\SDK_1.0.3_NUCLEO-F401RE\lib_stm\liblibraries.a(ucg_rotate.o)
 .debug_str     0x0004cc35    0x35751 D:\Projects\lumi-libraries-main\lumi-libraries-main\SDK_1.0.3_NUCLEO-F401RE\lib_stm\liblibraries.a(buff.o)
 .debug_str     0x0004cc35     0x3d14 D:\Projects\lumi-libraries-main\lumi-libraries-main\SDK_1.0.3_NUCLEO-F401RE\lib_stm\liblibraries.a(utilities.o)
 .debug_str     0x0004cc35     0x9c32 D:\Projects\lumi-libraries-main\lumi-libraries-main\SDK_1.0.3_NUCLEO-F401RE\lib_stm\liblibraries.a(ucg_clip.o)
 .debug_str     0x0004cc35     0x9ddf D:\Projects\lumi-libraries-main\lumi-libraries-main\SDK_1.0.3_NUCLEO-F401RE\lib_stm\liblibraries.a(ucg_com_msg_api.o)

.comment        0x00000000       0xbe
 .comment       0x00000000       0xbe ./Src/main.o
                                 0x44 (size before relaxing)
 .comment       0x000000be       0x7c D:\Projects\lumi-libraries-main\lumi-libraries-main\SDK_1.0.3_NUCLEO-F401RE\lib_stm\liblibraries.a(system_stm32f4xx.o)
 .comment       0x000000be       0x7c D:\Projects\lumi-libraries-main\lumi-libraries-main\SDK_1.0.3_NUCLEO-F401RE\lib_stm\liblibraries.a(misc.o)
 .comment       0x000000be       0x7c D:\Projects\lumi-libraries-main\lumi-libraries-main\SDK_1.0.3_NUCLEO-F401RE\lib_stm\liblibraries.a(stm32f401re_gpio.o)
 .comment       0x000000be       0x7c D:\Projects\lumi-libraries-main\lumi-libraries-main\SDK_1.0.3_NUCLEO-F401RE\lib_stm\liblibraries.a(stm32f401re_i2c.o)
 .comment       0x000000be       0x7c D:\Projects\lumi-libraries-main\lumi-libraries-main\SDK_1.0.3_NUCLEO-F401RE\lib_stm\liblibraries.a(stm32f401re_rcc.o)
 .comment       0x000000be       0x7c D:\Projects\lumi-libraries-main\lumi-libraries-main\SDK_1.0.3_NUCLEO-F401RE\lib_stm\liblibraries.a(stm32f401re_usart.o)
 .comment       0x000000be       0x7c D:\Projects\lumi-libraries-main\lumi-libraries-main\SDK_1.0.3_NUCLEO-F401RE\lib_stm\liblibraries.a(timer.o)
 .comment       0x000000be       0x7c D:\Projects\lumi-libraries-main\lumi-libraries-main\SDK_1.0.3_NUCLEO-F401RE\lib_stm\liblibraries.a(Ucglib.o)
 .comment       0x000000be       0x7c D:\Projects\lumi-libraries-main\lumi-libraries-main\SDK_1.0.3_NUCLEO-F401RE\lib_stm\liblibraries.a(ucg_box.o)
 .comment       0x000000be       0x7c D:\Projects\lumi-libraries-main\lumi-libraries-main\SDK_1.0.3_NUCLEO-F401RE\lib_stm\liblibraries.a(ucg_ccs.o)
 .comment       0x000000be       0x7c D:\Projects\lumi-libraries-main\lumi-libraries-main\SDK_1.0.3_NUCLEO-F401RE\lib_stm\liblibraries.a(ucg_dev_default_cb.o)
 .comment       0x000000be       0x7c D:\Projects\lumi-libraries-main\lumi-libraries-main\SDK_1.0.3_NUCLEO-F401RE\lib_stm\liblibraries.a(ucg_dev_ic_st7735.o)
 .comment       0x000000be       0x7c D:\Projects\lumi-libraries-main\lumi-libraries-main\SDK_1.0.3_NUCLEO-F401RE\lib_stm\liblibraries.a(ucg_dev_msg_api.o)
 .comment       0x000000be       0x7c D:\Projects\lumi-libraries-main\lumi-libraries-main\SDK_1.0.3_NUCLEO-F401RE\lib_stm\liblibraries.a(ucg_dev_tft_128x128_st7735.o)
 .comment       0x000000be       0x7c D:\Projects\lumi-libraries-main\lumi-libraries-main\SDK_1.0.3_NUCLEO-F401RE\lib_stm\liblibraries.a(ucg_font.o)
 .comment       0x000000be       0x7c D:\Projects\lumi-libraries-main\lumi-libraries-main\SDK_1.0.3_NUCLEO-F401RE\lib_stm\liblibraries.a(ucg_init.o)
 .comment       0x000000be       0x7c D:\Projects\lumi-libraries-main\lumi-libraries-main\SDK_1.0.3_NUCLEO-F401RE\lib_stm\liblibraries.a(ucg_line.o)
 .comment       0x000000be       0x7c D:\Projects\lumi-libraries-main\lumi-libraries-main\SDK_1.0.3_NUCLEO-F401RE\lib_stm\liblibraries.a(ucg_pixel.o)
 .comment       0x000000be       0x7c D:\Projects\lumi-libraries-main\lumi-libraries-main\SDK_1.0.3_NUCLEO-F401RE\lib_stm\liblibraries.a(ucg_pixel_font_data.o)
 .comment       0x000000be       0x7c D:\Projects\lumi-libraries-main\lumi-libraries-main\SDK_1.0.3_NUCLEO-F401RE\lib_stm\liblibraries.a(ucg_rotate.o)
 .comment       0x000000be       0x7c D:\Projects\lumi-libraries-main\lumi-libraries-main\SDK_1.0.3_NUCLEO-F401RE\lib_stm\liblibraries.a(buff.o)
 .comment       0x000000be       0x7c D:\Projects\lumi-libraries-main\lumi-libraries-main\SDK_1.0.3_NUCLEO-F401RE\lib_stm\liblibraries.a(utilities.o)
 .comment       0x000000be       0x7c D:\Projects\lumi-libraries-main\lumi-libraries-main\SDK_1.0.3_NUCLEO-F401RE\lib_stm\liblibraries.a(ucg_clip.o)
 .comment       0x000000be       0x7c D:\Projects\lumi-libraries-main\lumi-libraries-main\SDK_1.0.3_NUCLEO-F401RE\lib_stm\liblibraries.a(ucg_com_msg_api.o)

.debug_frame    0x00000000     0x2f6c
 .debug_frame   0x00000000      0x35c ./Src/main.o
 .debug_frame   0x0000035c       0x74 D:\Projects\lumi-libraries-main\lumi-libraries-main\SDK_1.0.3_NUCLEO-F401RE\lib_stm\liblibraries.a(system_stm32f4xx.o)
 .debug_frame   0x000003d0       0xd8 D:\Projects\lumi-libraries-main\lumi-libraries-main\SDK_1.0.3_NUCLEO-F401RE\lib_stm\liblibraries.a(misc.o)
 .debug_frame   0x000004a8      0x23c D:\Projects\lumi-libraries-main\lumi-libraries-main\SDK_1.0.3_NUCLEO-F401RE\lib_stm\liblibraries.a(stm32f401re_gpio.o)
 .debug_frame   0x000006e4      0x580 D:\Projects\lumi-libraries-main\lumi-libraries-main\SDK_1.0.3_NUCLEO-F401RE\lib_stm\liblibraries.a(stm32f401re_i2c.o)
 .debug_frame   0x00000c64      0x774 D:\Projects\lumi-libraries-main\lumi-libraries-main\SDK_1.0.3_NUCLEO-F401RE\lib_stm\liblibraries.a(stm32f401re_rcc.o)
 .debug_frame   0x000013d8      0x490 D:\Projects\lumi-libraries-main\lumi-libraries-main\SDK_1.0.3_NUCLEO-F401RE\lib_stm\liblibraries.a(stm32f401re_usart.o)
 .debug_frame   0x00001868      0x1a8 D:\Projects\lumi-libraries-main\lumi-libraries-main\SDK_1.0.3_NUCLEO-F401RE\lib_stm\liblibraries.a(timer.o)
 .debug_frame   0x00001a10       0xec D:\Projects\lumi-libraries-main\lumi-libraries-main\SDK_1.0.3_NUCLEO-F401RE\lib_stm\liblibraries.a(Ucglib.o)
 .debug_frame   0x00001afc       0xf0 D:\Projects\lumi-libraries-main\lumi-libraries-main\SDK_1.0.3_NUCLEO-F401RE\lib_stm\liblibraries.a(ucg_box.o)
 .debug_frame   0x00001bec       0x88 D:\Projects\lumi-libraries-main\lumi-libraries-main\SDK_1.0.3_NUCLEO-F401RE\lib_stm\liblibraries.a(ucg_ccs.o)
 .debug_frame   0x00001c74       0xec D:\Projects\lumi-libraries-main\lumi-libraries-main\SDK_1.0.3_NUCLEO-F401RE\lib_stm\liblibraries.a(ucg_dev_default_cb.o)
 .debug_frame   0x00001d60       0xd0 D:\Projects\lumi-libraries-main\lumi-libraries-main\SDK_1.0.3_NUCLEO-F401RE\lib_stm\liblibraries.a(ucg_dev_ic_st7735.o)